Archive member included to satisfy reference by file (symbol)

c:/st/stm32cubeide_1.10.1/stm32cubeide/plugins/com.st.stm32cube.ide.mcu.externaltools.gnu-tools-for-stm32.10.3-2021.10.win32_1.0.0.202111181127/tools/bin/../lib/gcc/arm-none-eabi/10.3.1/../../../../arm-none-eabi/lib/thumb/v7-m/nofp\libc_nano.a(lib_a-errno.o)
                              ./Core/Src/syscalls.o (__errno)
c:/st/stm32cubeide_1.10.1/stm32cubeide/plugins/com.st.stm32cube.ide.mcu.externaltools.gnu-tools-for-stm32.10.3-2021.10.win32_1.0.0.202111181127/tools/bin/../lib/gcc/arm-none-eabi/10.3.1/../../../../arm-none-eabi/lib/thumb/v7-m/nofp\libc_nano.a(lib_a-exit.o)
                              c:/st/stm32cubeide_1.10.1/stm32cubeide/plugins/com.st.stm32cube.ide.mcu.externaltools.gnu-tools-for-stm32.10.3-2021.10.win32_1.0.0.202111181127/tools/bin/../lib/gcc/arm-none-eabi/10.3.1/../../../../arm-none-eabi/lib/thumb/v7-m/nofp/crt0.o (exit)
c:/st/stm32cubeide_1.10.1/stm32cubeide/plugins/com.st.stm32cube.ide.mcu.externaltools.gnu-tools-for-stm32.10.3-2021.10.win32_1.0.0.202111181127/tools/bin/../lib/gcc/arm-none-eabi/10.3.1/../../../../arm-none-eabi/lib/thumb/v7-m/nofp\libc_nano.a(lib_a-impure.o)
                              c:/st/stm32cubeide_1.10.1/stm32cubeide/plugins/com.st.stm32cube.ide.mcu.externaltools.gnu-tools-for-stm32.10.3-2021.10.win32_1.0.0.202111181127/tools/bin/../lib/gcc/arm-none-eabi/10.3.1/../../../../arm-none-eabi/lib/thumb/v7-m/nofp\libc_nano.a(lib_a-exit.o) (_global_impure_ptr)
c:/st/stm32cubeide_1.10.1/stm32cubeide/plugins/com.st.stm32cube.ide.mcu.externaltools.gnu-tools-for-stm32.10.3-2021.10.win32_1.0.0.202111181127/tools/bin/../lib/gcc/arm-none-eabi/10.3.1/../../../../arm-none-eabi/lib/thumb/v7-m/nofp\libc_nano.a(lib_a-init.o)
                              c:/st/stm32cubeide_1.10.1/stm32cubeide/plugins/com.st.stm32cube.ide.mcu.externaltools.gnu-tools-for-stm32.10.3-2021.10.win32_1.0.0.202111181127/tools/bin/../lib/gcc/arm-none-eabi/10.3.1/../../../../arm-none-eabi/lib/thumb/v7-m/nofp/crt0.o (__libc_init_array)
c:/st/stm32cubeide_1.10.1/stm32cubeide/plugins/com.st.stm32cube.ide.mcu.externaltools.gnu-tools-for-stm32.10.3-2021.10.win32_1.0.0.202111181127/tools/bin/../lib/gcc/arm-none-eabi/10.3.1/../../../../arm-none-eabi/lib/thumb/v7-m/nofp\libc_nano.a(lib_a-memset.o)
                              c:/st/stm32cubeide_1.10.1/stm32cubeide/plugins/com.st.stm32cube.ide.mcu.externaltools.gnu-tools-for-stm32.10.3-2021.10.win32_1.0.0.202111181127/tools/bin/../lib/gcc/arm-none-eabi/10.3.1/../../../../arm-none-eabi/lib/thumb/v7-m/nofp/crt0.o (memset)
c:/st/stm32cubeide_1.10.1/stm32cubeide/plugins/com.st.stm32cube.ide.mcu.externaltools.gnu-tools-for-stm32.10.3-2021.10.win32_1.0.0.202111181127/tools/bin/../lib/gcc/arm-none-eabi/10.3.1/../../../../arm-none-eabi/lib/thumb/v7-m/nofp\libc_nano.a(lib_a-sprintf.o)
                              ./Core/Src/main.o (sprintf)
c:/st/stm32cubeide_1.10.1/stm32cubeide/plugins/com.st.stm32cube.ide.mcu.externaltools.gnu-tools-for-stm32.10.3-2021.10.win32_1.0.0.202111181127/tools/bin/../lib/gcc/arm-none-eabi/10.3.1/../../../../arm-none-eabi/lib/thumb/v7-m/nofp\libc_nano.a(lib_a-strlen.o)
                              ./Core/Src/serial.o (strlen)
c:/st/stm32cubeide_1.10.1/stm32cubeide/plugins/com.st.stm32cube.ide.mcu.externaltools.gnu-tools-for-stm32.10.3-2021.10.win32_1.0.0.202111181127/tools/bin/../lib/gcc/arm-none-eabi/10.3.1/../../../../arm-none-eabi/lib/thumb/v7-m/nofp\libc_nano.a(lib_a-nano-svfprintf.o)
                              c:/st/stm32cubeide_1.10.1/stm32cubeide/plugins/com.st.stm32cube.ide.mcu.externaltools.gnu-tools-for-stm32.10.3-2021.10.win32_1.0.0.202111181127/tools/bin/../lib/gcc/arm-none-eabi/10.3.1/../../../../arm-none-eabi/lib/thumb/v7-m/nofp\libc_nano.a(lib_a-sprintf.o) (_svfprintf_r)
c:/st/stm32cubeide_1.10.1/stm32cubeide/plugins/com.st.stm32cube.ide.mcu.externaltools.gnu-tools-for-stm32.10.3-2021.10.win32_1.0.0.202111181127/tools/bin/../lib/gcc/arm-none-eabi/10.3.1/../../../../arm-none-eabi/lib/thumb/v7-m/nofp\libc_nano.a(lib_a-nano-vfprintf_i.o)
                              c:/st/stm32cubeide_1.10.1/stm32cubeide/plugins/com.st.stm32cube.ide.mcu.externaltools.gnu-tools-for-stm32.10.3-2021.10.win32_1.0.0.202111181127/tools/bin/../lib/gcc/arm-none-eabi/10.3.1/../../../../arm-none-eabi/lib/thumb/v7-m/nofp\libc_nano.a(lib_a-nano-svfprintf.o) (_printf_i)
c:/st/stm32cubeide_1.10.1/stm32cubeide/plugins/com.st.stm32cube.ide.mcu.externaltools.gnu-tools-for-stm32.10.3-2021.10.win32_1.0.0.202111181127/tools/bin/../lib/gcc/arm-none-eabi/10.3.1/../../../../arm-none-eabi/lib/thumb/v7-m/nofp\libc_nano.a(lib_a-memchr-stub.o)
                              c:/st/stm32cubeide_1.10.1/stm32cubeide/plugins/com.st.stm32cube.ide.mcu.externaltools.gnu-tools-for-stm32.10.3-2021.10.win32_1.0.0.202111181127/tools/bin/../lib/gcc/arm-none-eabi/10.3.1/../../../../arm-none-eabi/lib/thumb/v7-m/nofp\libc_nano.a(lib_a-nano-svfprintf.o) (memchr)
[...]
Memory Configuration

Name             Origin             Length             Attributes
RAM              0x0000000020000000 0x0000000000005000 xrw
FLASH            0x0000000008000000 0x0000000000010000 xr
*default*        0x0000000000000000 0xffffffffffffffff

Linker script and memory map

LOAD c:/st/stm32cubeide_1.10.1/stm32cubeide/plugins/com.st.stm32cube.ide.mcu.externaltools.gnu-tools-for-stm32.10.3-2021.10.win32_1.0.0.202111181127/tools/bin/../lib/gcc/arm-none-eabi/10.3.1/thumb/v7-m/nofp/crti.o
LOAD c:/st/stm32cubeide_1.10.1/stm32cubeide/plugins/com.st.stm32cube.ide.mcu.externaltools.gnu-tools-for-stm32.10.3-2021.10.win32_1.0.0.202111181127/tools/bin/../lib/gcc/arm-none-eabi/10.3.1/thumb/v7-m/nofp/crtbegin.o
LOAD c:/st/stm32cubeide_1.10.1/stm32cubeide/plugins/com.st.stm32cube.ide.mcu.externaltools.gnu-tools-for-stm32.10.3-2021.10.win32_1.0.0.202111181127/tools/bin/../lib/gcc/arm-none-eabi/10.3.1/../../../../arm-none-eabi/lib/thumb/v7-m/nofp/crt0.o
LOAD ./Core/Src/gpio.o
LOAD ./Core/Src/main.o
LOAD ./Core/Src/motor.o
LOAD ./Core/Src/pid.o
LOAD ./Core/Src/serial.o
LOAD ./Core/Src/stm32f1xx_hal_msp.o
LOAD ./Core/Src/stm32f1xx_it.o
LOAD ./Core/Src/syscalls.o
LOAD ./Core/Src/sysmem.o
LOAD ./Core/Src/system_stm32f1xx.o
LOAD ./Core/Src/tim.o
LOAD ./Core/Src/usart.o
LOAD ./Core/Startup/startup_stm32f103c8tx.o
LOAD ./Drivers/STM32F1xx_HAL_Driver/Src/stm32f1xx_hal.o
LOAD ./Drivers/STM32F1xx_HAL_Driver/Src/stm32f1xx_hal_cortex.o
LOAD ./Drivers/STM32F1xx_HAL_Driver/Src/stm32f1xx_hal_dma.o
LOAD ./Drivers/STM32F1xx_HAL_Driver/Src/stm32f1xx_hal_exti.o
LOAD ./Drivers/STM32F1xx_HAL_Driver/Src/stm32f1xx_hal_flash.o
LOAD ./Drivers/STM32F1xx_HAL_Driver/Src/stm32f1xx_hal_flash_ex.o
LOAD ./Drivers/STM32F1xx_HAL_Driver/Src/stm32f1xx_hal_gpio.o
LOAD ./Drivers/STM32F1xx_HAL_Driver/Src/stm32f1xx_hal_gpio_ex.o
LOAD ./Drivers/STM32F1xx_HAL_Driver/Src/stm32f1xx_hal_pwr.o
LOAD ./Drivers/STM32F1xx_HAL_Driver/Src/stm32f1xx_hal_rcc.o
LOAD ./Drivers/STM32F1xx_HAL_Driver/Src/stm32f1xx_hal_rcc_ex.o
LOAD ./Drivers/STM32F1xx_HAL_Driver/Src/stm32f1xx_hal_tim.o
LOAD ./Drivers/STM32F1xx_HAL_Driver/Src/stm32f1xx_hal_tim_ex.o
LOAD ./Drivers/STM32F1xx_HAL_Driver/Src/stm32f1xx_hal_uart.o
START GROUP
LOAD c:/st/stm32cubeide_1.10.1/stm32cubeide/plugins/com.st.stm32cube.ide.mcu.externaltools.gnu-tools-for-stm32.10.3-2021.10.win32_1.0.0.202111181127/tools/bin/../lib/gcc/arm-none-eabi/10.3.1/../../../../arm-none-eabi/lib/thumb/v7-m/nofp\libc_nano.a
LOAD c:/st/stm32cubeide_1.10.1/stm32cubeide/plugins/com.st.stm32cube.ide.mcu.externaltools.gnu-tools-for-stm32.10.3-2021.10.win32_1.0.0.202111181127/tools/bin/../lib/gcc/arm-none-eabi/10.3.1/../../../../arm-none-eabi/lib/thumb/v7-m/nofp\libm.a
END GROUP
START GROUP
LOAD c:/st/stm32cubeide_1.10.1/stm32cubeide/plugins/com.st.stm32cube.ide.mcu.externaltools.gnu-tools-for-stm32.10.3-2021.10.win32_1.0.0.202111181127/tools/bin/../lib/gcc/arm-none-eabi/10.3.1/thumb/v7-m/nofp\libgcc.a
LOAD c:/st/stm32cubeide_1.10.1/stm32cubeide/plugins/com.st.stm32cube.ide.mcu.externaltools.gnu-tools-for-stm32.10.3-2021.10.win32_1.0.0.202111181127/tools/bin/../lib/gcc/arm-none-eabi/10.3.1/../../../../arm-none-eabi/lib/thumb/v7-m/nofp\libc_nano.a
END GROUP
START GROUP
LOAD c:/st/stm32cubeide_1.10.1/stm32cubeide/plugins/com.st.stm32cube.ide.mcu.externaltools.gnu-tools-for-stm32.10.3-2021.10.win32_1.0.0.202111181127/tools/bin/../lib/gcc/arm-none-eabi/10.3.1/thumb/v7-m/nofp\libgcc.a
LOAD c:/st/stm32cubeide_1.10.1/stm32cubeide/plugins/com.st.stm32cube.ide.mcu.externaltools.gnu-tools-for-stm32.10.3-2021.10.win32_1.0.0.202111181127/tools/bin/../lib/gcc/arm-none-eabi/10.3.1/../../../../arm-none-eabi/lib/thumb/v7-m/nofp\libc_nano.a
LOAD c:/st/stm32cubeide_1.10.1/stm32cubeide/plugins/com.st.stm32cube.ide.mcu.externaltools.gnu-tools-for-stm32.10.3-2021.10.win32_1.0.0.202111181127/tools/bin/../lib/gcc/arm-none-eabi/10.3.1/../../../../arm-none-eabi/lib/thumb/v7-m/nofp\libnosys.a
END GROUP
START GROUP
LOAD c:/st/stm32cubeide_1.10.1/stm32cubeide/plugins/com.st.stm32cube.ide.mcu.externaltools.gnu-tools-for-stm32.10.3-2021.10.win32_1.0.0.202111181127/tools/bin/../lib/gcc/arm-none-eabi/10.3.1/thumb/v7-m/nofp\libgcc.a
LOAD c:/st/stm32cubeide_1.10.1/stm32cubeide/plugins/com.st.stm32cube.ide.mcu.externaltools.gnu-tools-for-stm32.10.3-2021.10.win32_1.0.0.202111181127/tools/bin/../lib/gcc/arm-none-eabi/10.3.1/../../../../arm-none-eabi/lib/thumb/v7-m/nofp\libc_nano.a
LOAD c:/st/stm32cubeide_1.10.1/stm32cubeide/plugins/com.st.stm32cube.ide.mcu.externaltools.gnu-tools-for-stm32.10.3-2021.10.win32_1.0.0.202111181127/tools/bin/../lib/gcc/arm-none-eabi/10.3.1/../../../../arm-none-eabi/lib/thumb/v7-m/nofp\libnosys.a
END GROUP
LOAD c:/st/stm32cubeide_1.10.1/stm32cubeide/plugins/com.st.stm32cube.ide.mcu.externaltools.gnu-tools-for-stm32.10.3-2021.10.win32_1.0.0.202111181127/tools/bin/../lib/gcc/arm-none-eabi/10.3.1/thumb/v7-m/nofp/crtend.o
LOAD c:/st/stm32cubeide_1.10.1/stm32cubeide/plugins/com.st.stm32cube.ide.mcu.externaltools.gnu-tools-for-stm32.10.3-2021.10.win32_1.0.0.202111181127/tools/bin/../lib/gcc/arm-none-eabi/10.3.1/thumb/v7-m/nofp/crtn.o
                0x0000000020005000                _estack = (ORIGIN (RAM) + LENGTH (RAM))
                0x0000000000000200                _Min_Heap_Size = 0x200
                0x0000000000000400                _Min_Stack_Size = 0x400

.isr_vector     0x0000000008000000      0x10c
                0x0000000008000000                . = ALIGN (0x4)
 *(.isr_vector)
 .isr_vector    0x0000000008000000      0x10c ./Core/Startup/startup_stm32f103c8tx.o
                0x0000000008000000                g_pfnVectors
                0x000000000800010c                . = ALIGN (0x4)

.text           0x0000000008000110     0x53d4
                0x0000000008000110                . = ALIGN (0x4)
 *(.text)
 .text          0x0000000008000110       0x40 c:/st/stm32cubeide_1.10.1/stm32cubeide/plugins/com.st.stm32cube.ide.mcu.externaltools.gnu-tools-for-stm32.10.3-2021.10.win32_1.0.0.202111181127/tools/bin/../lib/gcc/arm-none-eabi/10.3.1/thumb/v7-m/nofp/crtbegin.o
 .text          0x0000000008000150       0x10 c:/st/stm32cubeide_1.10.1/stm32cubeide/plugins/com.st.stm32cube.ide.mcu.externaltools.gnu-tools-for-stm32.10.3-2021.10.win32_1.0.0.202111181127/tools/bin/../lib/gcc/arm-none-eabi/10.3.1/../../../../arm-none-eabi/lib/thumb/v7-m/nofp\libc_nano.a(lib_a-strlen.o)
                0x0000000008000150                strlen
 .text          0x0000000008000160      0x378 c:/st/stm32cubeide_1.10.1/stm32cubeide/plugins/com.st.stm32cube.ide.mcu.externaltools.gnu-tools-for-stm32.10.3-2021.10.win32_1.0.0.202111181127/tools/bin/../lib/gcc/arm-none-eabi/10.3.1/thumb/v7-m/nofp\libgcc.a(_arm_addsubdf3.o)
                0x0000000008000160                __aeabi_drsub
                0x0000000008000168                __aeabi_dsub
                0x0000000008000168                __subdf3
                0x000000000800016c                __aeabi_dadd
                0x000000000800016c                __adddf3
                0x00000000080003e4                __floatunsidf
                0x00000000080003e4                __aeabi_ui2d
                0x0000000008000404                __floatsidf
                0x0000000008000404                __aeabi_i2d
                0x0000000008000428                __aeabi_f2d
                0x0000000008000428                __extendsfdf2
                0x000000000800046c                __floatundidf
                0x000000000800046c                __aeabi_ul2d
                0x000000000800047c                __floatdidf
                0x000000000800047c                __aeabi_l2d
 .text          0x00000000080004d8      0x424 c:/st/stm32cubeide_1.10.1/stm32cubeide/plugins/com.st.stm32cube.ide.mcu.externaltools.gnu-tools-for-stm32.10.3-2021.10.win32_1.0.0.202111181127/tools/bin/../lib/gcc/arm-none-eabi/10.3.1/thumb/v7-m/nofp\libgcc.a(_arm_muldivdf3.o)
                0x00000000080004d8                __aeabi_dmul
                0x00000000080004d8                __muldf3
                0x000000000800072c                __divdf3
                0x000000000800072c                __aeabi_ddiv
 .text          0x00000000080008fc       0xa0 c:/st/stm32cubeide_1.10.1/stm32cubeide/plugins/com.st.stm32cube.ide.mcu.externaltools.gnu-tools-for-stm32.10.3-2021.10.win32_1.0.0.202111181127/tools/bin/../lib/gcc/arm-none-eabi/10.3.1/thumb/v7-m/nofp\libgcc.a(_arm_truncdfsf2.o)
                0x00000000080008fc                __truncdfsf2
                0x00000000080008fc                __aeabi_d2f
 .text          0x000000000800099c      0x21c c:/st/stm32cubeide_1.10.1/stm32cubeide/plugins/com.st.stm32cube.ide.mcu.externaltools.gnu-tools-for-stm32.10.3-2021.10.win32_1.0.0.202111181127/tools/bin/../lib/gcc/arm-none-eabi/10.3.1/thumb/v7-m/nofp\libgcc.a(_arm_addsubsf3.o)
                0x000000000800099c                __aeabi_frsub
                0x00000000080009a4                __subsf3
                0x00000000080009a4                __aeabi_fsub
                0x00000000080009a8                __aeabi_fadd
                0x00000000080009a8                __addsf3
                0x0000000008000b08                __aeabi_ui2f
                0x0000000008000b08                __floatunsisf
                0x0000000008000b10                __aeabi_i2f
                0x0000000008000b10                __floatsisf
                0x0000000008000b2c                __aeabi_ul2f
                0x0000000008000b2c                __floatundisf
                0x0000000008000b3c                __aeabi_l2f
                0x0000000008000b3c                __floatdisf
 .text          0x0000000008000bb8      0x2a0 c:/st/stm32cubeide_1.10.1/stm32cubeide/plugins/com.st.stm32cube.ide.mcu.externaltools.gnu-tools-for-stm32.10.3-2021.10.win32_1.0.0.202111181127/tools/bin/../lib/gcc/arm-none-eabi/10.3.1/thumb/v7-m/nofp\libgcc.a(_arm_muldivsf3.o)
                0x0000000008000bb8                __mulsf3
                0x0000000008000bb8                __aeabi_fmul
                0x0000000008000d20                __aeabi_fdiv
                0x0000000008000d20                __divsf3
 .text          0x0000000008000e58       0xec c:/st/stm32cubeide_1.10.1/stm32cubeide/plugins/com.st.stm32cube.ide.mcu.externaltools.gnu-tools-for-stm32.10.3-2021.10.win32_1.0.0.202111181127/tools/bin/../lib/gcc/arm-none-eabi/10.3.1/thumb/v7-m/nofp\libgcc.a(_arm_cmpsf2.o)
                0x0000000008000e58                __gesf2
                0x0000000008000e58                __gtsf2
                0x0000000008000e60                __lesf2
                0x0000000008000e60                __ltsf2
                0x0000000008000e68                __nesf2
                0x0000000008000e68                __eqsf2
                0x0000000008000e68                __cmpsf2
                0x0000000008000ec8                __aeabi_cfrcmple
                0x0000000008000ed0                __aeabi_cfcmpeq
                0x0000000008000ed0                __aeabi_cfcmple
                0x0000000008000ee0                __aeabi_fcmpeq
                0x0000000008000ef4                __aeabi_fcmplt
                0x0000000008000f08                __aeabi_fcmple
                0x0000000008000f1c                __aeabi_fcmpge
                0x0000000008000f30                __aeabi_fcmpgt
 .text          0x0000000008000f44       0x4c c:/st/stm32cubeide_1.10.1/stm32cubeide/plugins/com.st.stm32cube.ide.mcu.externaltools.gnu-tools-for-stm32.10.3-2021.10.win32_1.0.0.202111181127/tools/bin/../lib/gcc/arm-none-eabi/10.3.1/thumb/v7-m/nofp\libgcc.a(_arm_fixsfsi.o)
                0x0000000008000f44                __aeabi_f2iz
                0x0000000008000f44                __fixsfsi
 *(.text*)
 .text.MX_GPIO_Init
                0x0000000008000f90       0xc0 ./Core/Src/gpio.o
                0x0000000008000f90                MX_GPIO_Init
 .text.main     0x0000000008001050      0x1a0 ./Core/Src/main.o
                0x0000000008001050                main
 .text.SystemClock_Config
                0x00000000080011f0       0x8a ./Core/Src/main.o
                0x00000000080011f0                SystemClock_Config
 *fill*         0x000000000800127a        0x2 
 .text.HAL_TIM_PeriodElapsedCallback
                0x000000000800127c       0xf0 ./Core/Src/main.o
                0x000000000800127c                HAL_TIM_PeriodElapsedCallback
 .text.HAL_GPIO_EXTI_Callback
                0x000000000800136c       0x24 ./Core/Src/main.o
                0x000000000800136c                HAL_GPIO_EXTI_Callback
 .text.Error_Handler
                0x0000000008001390        0xa ./Core/Src/main.o
                0x0000000008001390                Error_Handler
 .text.MotorReset
                0x000000000800139a       0x16 ./Core/Src/motor.o
                0x000000000800139a                MotorReset
 .text.MotorSetDir
                0x00000000080013b0       0x3c ./Core/Src/motor.o
                0x00000000080013b0                MotorSetDir
 .text.MotorSetDuty
                0x00000000080013ec       0x20 ./Core/Src/motor.o
                0x00000000080013ec                MotorSetDuty
 *fill*         0x000000000800140c        0x4 
 .text.ReadEncoder
                0x0000000008001410      0x1d0 ./Core/Src/motor.o
                0x0000000008001410                ReadEncoder
 .text.MotorTuningVelocity
                0x00000000080015e0       0x94 ./Core/Src/motor.o
                0x00000000080015e0                MotorTuningVelocity
 .text.MotorTuningPosition
                0x0000000008001674       0x94 ./Core/Src/motor.o
                0x0000000008001674                MotorTuningPosition
 .text.PIDReset
                0x0000000008001708       0x38 ./Core/Src/pid.o
                0x0000000008001708                PIDReset
 .text.PIDCompute
                0x0000000008001740      0x120 ./Core/Src/pid.o
                0x0000000008001740                PIDCompute
 .text.subString
                0x0000000008001860       0x50 ./Core/Src/serial.o
                0x0000000008001860                subString
 .text.StrCompare
                0x00000000080018b0       0x46 ./Core/Src/serial.o
                0x00000000080018b0                StrCompare
 *fill*         0x00000000080018f6        0x2 
 .text.SerialInit
                0x00000000080018f8       0x1c ./Core/Src/serial.o
                0x00000000080018f8                SerialInit
 .text.SerialAcceptReceive
                0x0000000008001914       0x1c ./Core/Src/serial.o
                0x0000000008001914                SerialAcceptReceive
 .text.SerialParse
                0x0000000008001930       0xb0 ./Core/Src/serial.o
                0x0000000008001930                SerialParse
 .text.HAL_UART_RxCpltCallback
                0x00000000080019e0       0x40 ./Core/Src/serial.o
                0x00000000080019e0                HAL_UART_RxCpltCallback
 .text.HAL_MspInit
                0x0000000008001a20       0x64 ./Core/Src/stm32f1xx_hal_msp.o
                0x0000000008001a20                HAL_MspInit
 .text.NMI_Handler
                0x0000000008001a84        0x6 ./Core/Src/stm32f1xx_it.o
                0x0000000008001a84                NMI_Handler
 .text.HardFault_Handler
                0x0000000008001a8a        0x6 ./Core/Src/stm32f1xx_it.o
                0x0000000008001a8a                HardFault_Handler
 .text.MemManage_Handler
                0x0000000008001a90        0x6 ./Core/Src/stm32f1xx_it.o
                0x0000000008001a90                MemManage_Handler
 .text.BusFault_Handler
                0x0000000008001a96        0x6 ./Core/Src/stm32f1xx_it.o
                0x0000000008001a96                BusFault_Handler
 .text.UsageFault_Handler
                0x0000000008001a9c        0x6 ./Core/Src/stm32f1xx_it.o
                0x0000000008001a9c                UsageFault_Handler
 .text.SVC_Handler
                0x0000000008001aa2        0xc ./Core/Src/stm32f1xx_it.o
                0x0000000008001aa2                SVC_Handler
 .text.DebugMon_Handler
                0x0000000008001aae        0xc ./Core/Src/stm32f1xx_it.o
                0x0000000008001aae                DebugMon_Handler
 .text.PendSV_Handler
                0x0000000008001aba        0xc ./Core/Src/stm32f1xx_it.o
                0x0000000008001aba                PendSV_Handler
 .text.SysTick_Handler
                0x0000000008001ac6        0xc ./Core/Src/stm32f1xx_it.o
                0x0000000008001ac6                SysTick_Handler
 .text.EXTI2_IRQHandler
                0x0000000008001ad2        0xe ./Core/Src/stm32f1xx_it.o
                0x0000000008001ad2                EXTI2_IRQHandler
 .text.TIM3_IRQHandler
                0x0000000008001ae0       0x14 ./Core/Src/stm32f1xx_it.o
                0x0000000008001ae0                TIM3_IRQHandler
 .text.USART1_IRQHandler
                0x0000000008001af4       0x14 ./Core/Src/stm32f1xx_it.o
                0x0000000008001af4                USART1_IRQHandler
 .text._sbrk    0x0000000008001b08       0x6c ./Core/Src/sysmem.o
                0x0000000008001b08                _sbrk
 .text.SystemInit
                0x0000000008001b74        0xc ./Core/Src/system_stm32f1xx.o
                0x0000000008001b74                SystemInit
 .text.MX_TIM2_Init
                0x0000000008001b80       0xb0 ./Core/Src/tim.o
                0x0000000008001b80                MX_TIM2_Init
 .text.MX_TIM3_Init
                0x0000000008001c30       0x9c ./Core/Src/tim.o
                0x0000000008001c30                MX_TIM3_Init
 .text.MX_TIM4_Init
                0x0000000008001ccc       0xa8 ./Core/Src/tim.o
                0x0000000008001ccc                MX_TIM4_Init
 .text.HAL_TIM_PWM_MspInit
                0x0000000008001d74       0x38 ./Core/Src/tim.o
                0x0000000008001d74                HAL_TIM_PWM_MspInit
 .text.HAL_TIM_Base_MspInit
                0x0000000008001dac       0x4c ./Core/Src/tim.o
                0x0000000008001dac                HAL_TIM_Base_MspInit
 .text.HAL_TIM_Encoder_MspInit
                0x0000000008001df8       0x7c ./Core/Src/tim.o
                0x0000000008001df8                HAL_TIM_Encoder_MspInit
 .text.HAL_TIM_MspPostInit
                0x0000000008001e74       0x60 ./Core/Src/tim.o
                0x0000000008001e74                HAL_TIM_MspPostInit
 .text.MX_USART1_UART_Init
                0x0000000008001ed4       0x54 ./Core/Src/usart.o
                0x0000000008001ed4                MX_USART1_UART_Init
 .text.HAL_UART_MspInit
                0x0000000008001f28       0xa8 ./Core/Src/usart.o
                0x0000000008001f28                HAL_UART_MspInit
 .text.Reset_Handler
                0x0000000008001fd0       0x48 ./Core/Startup/startup_stm32f103c8tx.o
                0x0000000008001fd0                Reset_Handler
 .text.Default_Handler
                0x0000000008002018        0x2 ./Core/Startup/startup_stm32f103c8tx.o
                0x0000000008002018                RTC_Alarm_IRQHandler
                0x0000000008002018                TIM1_CC_IRQHandler
                0x0000000008002018                PVD_IRQHandler
                0x0000000008002018                EXTI3_IRQHandler
                0x0000000008002018                EXTI0_IRQHandler
                0x0000000008002018                I2C2_EV_IRQHandler
                0x0000000008002018                ADC1_2_IRQHandler
                0x0000000008002018                SPI1_IRQHandler
                0x0000000008002018                TAMPER_IRQHandler
                0x0000000008002018                DMA1_Channel4_IRQHandler
                0x0000000008002018                USART3_IRQHandler
                0x0000000008002018                RTC_IRQHandler
                0x0000000008002018                DMA1_Channel7_IRQHandler
                0x0000000008002018                CAN1_RX1_IRQHandler
                0x0000000008002018                TIM4_IRQHandler
                0x0000000008002018                I2C1_EV_IRQHandler
                0x0000000008002018                DMA1_Channel6_IRQHandler
                0x0000000008002018                RCC_IRQHandler
                0x0000000008002018                TIM1_TRG_COM_IRQHandler
                0x0000000008002018                DMA1_Channel1_IRQHandler
                0x0000000008002018                Default_Handler
                0x0000000008002018                EXTI15_10_IRQHandler
                0x0000000008002018                EXTI9_5_IRQHandler
                0x0000000008002018                SPI2_IRQHandler
                0x0000000008002018                DMA1_Channel5_IRQHandler
                0x0000000008002018                EXTI4_IRQHandler
                0x0000000008002018                USB_LP_CAN1_RX0_IRQHandler
                0x0000000008002018                USB_HP_CAN1_TX_IRQHandler
                0x0000000008002018                DMA1_Channel3_IRQHandler
                0x0000000008002018                TIM1_UP_IRQHandler
                0x0000000008002018                WWDG_IRQHandler
                0x0000000008002018                TIM2_IRQHandler
                0x0000000008002018                TIM1_BRK_IRQHandler
                0x0000000008002018                EXTI1_IRQHandler
                0x0000000008002018                USART2_IRQHandler
                0x0000000008002018                I2C2_ER_IRQHandler
                0x0000000008002018                DMA1_Channel2_IRQHandler
                0x0000000008002018                CAN1_SCE_IRQHandler
                0x0000000008002018                FLASH_IRQHandler
                0x0000000008002018                I2C1_ER_IRQHandler
                0x0000000008002018                USBWakeUp_IRQHandler
 *fill*         0x000000000800201a        0x2 
 .text.HAL_Init
                0x000000000800201c       0x2c ./Drivers/STM32F1xx_HAL_Driver/Src/stm32f1xx_hal.o
                0x000000000800201c                HAL_Init
 .text.HAL_InitTick
                0x0000000008002048       0x60 ./Drivers/STM32F1xx_HAL_Driver/Src/stm32f1xx_hal.o
                0x0000000008002048                HAL_InitTick
 .text.HAL_IncTick
                0x00000000080020a8       0x24 ./Drivers/STM32F1xx_HAL_Driver/Src/stm32f1xx_hal.o
                0x00000000080020a8                HAL_IncTick
 .text.HAL_GetTick
                0x00000000080020cc       0x14 ./Drivers/STM32F1xx_HAL_Driver/Src/stm32f1xx_hal.o
                0x00000000080020cc                HAL_GetTick
 .text.__NVIC_SetPriorityGrouping
                0x00000000080020e0       0x48 ./Drivers/STM32F1xx_HAL_Driver/Src/stm32f1xx_hal_cortex.o
 .text.__NVIC_GetPriorityGrouping
                0x0000000008002128       0x1c ./Drivers/STM32F1xx_HAL_Driver/Src/stm32f1xx_hal_cortex.o
 .text.__NVIC_EnableIRQ
                0x0000000008002144       0x38 ./Drivers/STM32F1xx_HAL_Driver/Src/stm32f1xx_hal_cortex.o
 .text.__NVIC_SetPriority
                0x000000000800217c       0x54 ./Drivers/STM32F1xx_HAL_Driver/Src/stm32f1xx_hal_cortex.o
 .text.NVIC_EncodePriority
                0x00000000080021d0       0x64 ./Drivers/STM32F1xx_HAL_Driver/Src/stm32f1xx_hal_cortex.o
 .text.SysTick_Config
                0x0000000008002234       0x44 ./Drivers/STM32F1xx_HAL_Driver/Src/stm32f1xx_hal_cortex.o
 .text.HAL_NVIC_SetPriorityGrouping
                0x0000000008002278       0x16 ./Drivers/STM32F1xx_HAL_Driver/Src/stm32f1xx_hal_cortex.o
                0x0000000008002278                HAL_NVIC_SetPriorityGrouping
 .text.HAL_NVIC_SetPriority
                0x000000000800228e       0x38 ./Drivers/STM32F1xx_HAL_Driver/Src/stm32f1xx_hal_cortex.o
                0x000000000800228e                HAL_NVIC_SetPriority
 .text.HAL_NVIC_EnableIRQ
                0x00000000080022c6       0x1c ./Drivers/STM32F1xx_HAL_Driver/Src/stm32f1xx_hal_cortex.o
                0x00000000080022c6                HAL_NVIC_EnableIRQ
 .text.HAL_SYSTICK_Config
                0x00000000080022e2       0x18 ./Drivers/STM32F1xx_HAL_Driver/Src/stm32f1xx_hal_cortex.o
                0x00000000080022e2                HAL_SYSTICK_Config
 .text.HAL_DMA_Abort
                0x00000000080022fa       0x74 ./Drivers/STM32F1xx_HAL_Driver/Src/stm32f1xx_hal_dma.o
                0x00000000080022fa                HAL_DMA_Abort
 *fill*         0x000000000800236e        0x2 
 .text.HAL_DMA_Abort_IT
                0x0000000008002370       0xec ./Drivers/STM32F1xx_HAL_Driver/Src/stm32f1xx_hal_dma.o
                0x0000000008002370                HAL_DMA_Abort_IT
 .text.HAL_GPIO_Init
                0x000000000800245c      0x308 ./Drivers/STM32F1xx_HAL_Driver/Src/stm32f1xx_hal_gpio.o
                0x000000000800245c                HAL_GPIO_Init
 .text.HAL_GPIO_WritePin
                0x0000000008002764       0x30 ./Drivers/STM32F1xx_HAL_Driver/Src/stm32f1xx_hal_gpio.o
                0x0000000008002764                HAL_GPIO_WritePin
 .text.HAL_GPIO_EXTI_IRQHandler
                0x0000000008002794       0x30 ./Drivers/STM32F1xx_HAL_Driver/Src/stm32f1xx_hal_gpio.o
                0x0000000008002794                HAL_GPIO_EXTI_IRQHandler
 .text.HAL_RCC_OscConfig
                0x00000000080027c4      0x504 ./Drivers/STM32F1xx_HAL_Driver/Src/stm32f1xx_hal_rcc.o
                0x00000000080027c4                HAL_RCC_OscConfig
 .text.HAL_RCC_ClockConfig
                0x0000000008002cc8      0x1d4 ./Drivers/STM32F1xx_HAL_Driver/Src/stm32f1xx_hal_rcc.o
                0x0000000008002cc8                HAL_RCC_ClockConfig
 .text.HAL_RCC_GetSysClockFreq
                0x0000000008002e9c       0xbc ./Drivers/STM32F1xx_HAL_Driver/Src/stm32f1xx_hal_rcc.o
                0x0000000008002e9c                HAL_RCC_GetSysClockFreq
 .text.HAL_RCC_GetHCLKFreq
                0x0000000008002f58       0x14 ./Drivers/STM32F1xx_HAL_Driver/Src/stm32f1xx_hal_rcc.o
                0x0000000008002f58                HAL_RCC_GetHCLKFreq
 .text.HAL_RCC_GetPCLK1Freq
                0x0000000008002f6c       0x28 ./Drivers/STM32F1xx_HAL_Driver/Src/stm32f1xx_hal_rcc.o
                0x0000000008002f6c                HAL_RCC_GetPCLK1Freq
 .text.HAL_RCC_GetPCLK2Freq
                0x0000000008002f94       0x28 ./Drivers/STM32F1xx_HAL_Driver/Src/stm32f1xx_hal_rcc.o
                0x0000000008002f94                HAL_RCC_GetPCLK2Freq
 .text.RCC_Delay
                0x0000000008002fbc       0x3c ./Drivers/STM32F1xx_HAL_Driver/Src/stm32f1xx_hal_rcc.o
 .text.HAL_TIM_Base_Init
                0x0000000008002ff8       0x9e ./Drivers/STM32F1xx_HAL_Driver/Src/stm32f1xx_hal_tim.o
                0x0000000008002ff8                HAL_TIM_Base_Init
 *fill*         0x0000000008003096        0x2 
 .text.HAL_TIM_Base_Start_IT
                0x0000000008003098       0xa4 ./Drivers/STM32F1xx_HAL_Driver/Src/stm32f1xx_hal_tim.o
                0x0000000008003098                HAL_TIM_Base_Start_IT
 .text.HAL_TIM_PWM_Init
                0x000000000800313c       0x9e ./Drivers/STM32F1xx_HAL_Driver/Src/stm32f1xx_hal_tim.o
                0x000000000800313c                HAL_TIM_PWM_Init
 *fill*         0x00000000080031da        0x2 
 .text.HAL_TIM_PWM_Start
                0x00000000080031dc      0x144 ./Drivers/STM32F1xx_HAL_Driver/Src/stm32f1xx_hal_tim.o
                0x00000000080031dc                HAL_TIM_PWM_Start
 .text.HAL_TIM_Encoder_Init
                0x0000000008003320      0x144 ./Drivers/STM32F1xx_HAL_Driver/Src/stm32f1xx_hal_tim.o
                0x0000000008003320                HAL_TIM_Encoder_Init
 .text.HAL_TIM_Encoder_Start
                0x0000000008003464      0x11c ./Drivers/STM32F1xx_HAL_Driver/Src/stm32f1xx_hal_tim.o
                0x0000000008003464                HAL_TIM_Encoder_Start
 .text.HAL_TIM_IRQHandler
                0x0000000008003580      0x210 ./Drivers/STM32F1xx_HAL_Driver/Src/stm32f1xx_hal_tim.o
                0x0000000008003580                HAL_TIM_IRQHandler
 .text.HAL_TIM_PWM_ConfigChannel
                0x0000000008003790      0x17c ./Drivers/STM32F1xx_HAL_Driver/Src/stm32f1xx_hal_tim.o
                0x0000000008003790                HAL_TIM_PWM_ConfigChannel
 .text.HAL_TIM_ConfigClockSource
                0x000000000800390c      0x188 ./Drivers/STM32F1xx_HAL_Driver/Src/stm32f1xx_hal_tim.o
                0x000000000800390c                HAL_TIM_ConfigClockSource
 .text.HAL_TIM_OC_DelayElapsedCallback
                0x0000000008003a94       0x12 ./Drivers/STM32F1xx_HAL_Driver/Src/stm32f1xx_hal_tim.o
                0x0000000008003a94                HAL_TIM_OC_DelayElapsedCallback
 .text.HAL_TIM_IC_CaptureCallback
                0x0000000008003aa6       0x12 ./Drivers/STM32F1xx_HAL_Driver/Src/stm32f1xx_hal_tim.o
                0x0000000008003aa6                HAL_TIM_IC_CaptureCallback
 .text.HAL_TIM_PWM_PulseFinishedCallback
                0x0000000008003ab8       0x12 ./Drivers/STM32F1xx_HAL_Driver/Src/stm32f1xx_hal_tim.o
                0x0000000008003ab8                HAL_TIM_PWM_PulseFinishedCallback
 .text.HAL_TIM_TriggerCallback
                0x0000000008003aca       0x12 ./Drivers/STM32F1xx_HAL_Driver/Src/stm32f1xx_hal_tim.o
                0x0000000008003aca                HAL_TIM_TriggerCallback
 .text.TIM_Base_SetConfig
                0x0000000008003adc       0xc4 ./Drivers/STM32F1xx_HAL_Driver/Src/stm32f1xx_hal_tim.o
                0x0000000008003adc                TIM_Base_SetConfig
 .text.TIM_OC1_SetConfig
                0x0000000008003ba0       0xcc ./Drivers/STM32F1xx_HAL_Driver/Src/stm32f1xx_hal_tim.o
 .text.TIM_OC2_SetConfig
                0x0000000008003c6c       0xd4 ./Drivers/STM32F1xx_HAL_Driver/Src/stm32f1xx_hal_tim.o
                0x0000000008003c6c                TIM_OC2_SetConfig
 .text.TIM_OC3_SetConfig
                0x0000000008003d40       0xd4 ./Drivers/STM32F1xx_HAL_Driver/Src/stm32f1xx_hal_tim.o
 .text.TIM_OC4_SetConfig
                0x0000000008003e14       0x9c ./Drivers/STM32F1xx_HAL_Driver/Src/stm32f1xx_hal_tim.o
 .text.TIM_TI1_ConfigInputStage
                0x0000000008003eb0       0x5c ./Drivers/STM32F1xx_HAL_Driver/Src/stm32f1xx_hal_tim.o
 .text.TIM_TI2_ConfigInputStage
                0x0000000008003f0c       0x5e ./Drivers/STM32F1xx_HAL_Driver/Src/stm32f1xx_hal_tim.o
 .text.TIM_ITRx_SetConfig
                0x0000000008003f6a       0x34 ./Drivers/STM32F1xx_HAL_Driver/Src/stm32f1xx_hal_tim.o
 .text.TIM_ETR_SetConfig
                0x0000000008003f9e       0x3e ./Drivers/STM32F1xx_HAL_Driver/Src/stm32f1xx_hal_tim.o
                0x0000000008003f9e                TIM_ETR_SetConfig
 .text.TIM_CCxChannelCmd
                0x0000000008003fdc       0x48 ./Drivers/STM32F1xx_HAL_Driver/Src/stm32f1xx_hal_tim.o
                0x0000000008003fdc                TIM_CCxChannelCmd
 .text.HAL_TIMEx_MasterConfigSynchronization
                0x0000000008004024       0xbc ./Drivers/STM32F1xx_HAL_Driver/Src/stm32f1xx_hal_tim_ex.o
                0x0000000008004024                HAL_TIMEx_MasterConfigSynchronization
 .text.HAL_TIMEx_CommutCallback
                0x00000000080040e0       0x12 ./Drivers/STM32F1xx_HAL_Driver/Src/stm32f1xx_hal_tim_ex.o
                0x00000000080040e0                HAL_TIMEx_CommutCallback
 .text.HAL_TIMEx_BreakCallback
                0x00000000080040f2       0x12 ./Drivers/STM32F1xx_HAL_Driver/Src/stm32f1xx_hal_tim_ex.o
                0x00000000080040f2                HAL_TIMEx_BreakCallback
 .text.HAL_UART_Init
                0x0000000008004104       0x9a ./Drivers/STM32F1xx_HAL_Driver/Src/stm32f1xx_hal_uart.o
                0x0000000008004104                HAL_UART_Init
 .text.HAL_UART_Transmit
                0x000000000800419e      0x124 ./Drivers/STM32F1xx_HAL_Driver/Src/stm32f1xx_hal_uart.o
                0x000000000800419e                HAL_UART_Transmit
 .text.HAL_UART_Receive_IT
                0x00000000080042c2       0x60 ./Drivers/STM32F1xx_HAL_Driver/Src/stm32f1xx_hal_uart.o
                0x00000000080042c2                HAL_UART_Receive_IT
 *fill*         0x0000000008004322        0x2 
 .text.HAL_UART_IRQHandler
                0x0000000008004324      0x354 ./Drivers/STM32F1xx_HAL_Driver/Src/stm32f1xx_hal_uart.o
                0x0000000008004324                HAL_UART_IRQHandler
 .text.HAL_UART_TxCpltCallback
                0x0000000008004678       0x12 ./Drivers/STM32F1xx_HAL_Driver/Src/stm32f1xx_hal_uart.o
                0x0000000008004678                HAL_UART_TxCpltCallback
 .text.HAL_UART_ErrorCallback
                0x000000000800468a       0x12 ./Drivers/STM32F1xx_HAL_Driver/Src/stm32f1xx_hal_uart.o
                0x000000000800468a                HAL_UART_ErrorCallback
 .text.HAL_UARTEx_RxEventCallback
                0x000000000800469c       0x16 ./Drivers/STM32F1xx_HAL_Driver/Src/stm32f1xx_hal_uart.o
                0x000000000800469c                HAL_UARTEx_RxEventCallback
 .text.UART_WaitOnFlagUntilTimeout
                0x00000000080046b2       0x94 ./Drivers/STM32F1xx_HAL_Driver/Src/stm32f1xx_hal_uart.o
 .text.UART_Start_Receive_IT
                0x0000000008004746       0x72 ./Drivers/STM32F1xx_HAL_Driver/Src/stm32f1xx_hal_uart.o
                0x0000000008004746                UART_Start_Receive_IT
 .text.UART_EndRxTransfer
                0x00000000080047b8       0x58 ./Drivers/STM32F1xx_HAL_Driver/Src/stm32f1xx_hal_uart.o
 .text.UART_DMAAbortOnError
                0x0000000008004810       0x28 ./Drivers/STM32F1xx_HAL_Driver/Src/stm32f1xx_hal_uart.o
 .text.UART_Transmit_IT
                0x0000000008004838       0x9e ./Drivers/STM32F1xx_HAL_Driver/Src/stm32f1xx_hal_uart.o
 .text.UART_EndTransmit_IT
                0x00000000080048d6       0x30 ./Drivers/STM32F1xx_HAL_Driver/Src/stm32f1xx_hal_uart.o
 .text.UART_Receive_IT
                0x0000000008004906      0x152 ./Drivers/STM32F1xx_HAL_Driver/Src/stm32f1xx_hal_uart.o
 .text.UART_SetConfig
                0x0000000008004a58      0x11c ./Drivers/STM32F1xx_HAL_Driver/Src/stm32f1xx_hal_uart.o
 .text.__errno  0x0000000008004b74        0xc c:/st/stm32cubeide_1.10.1/stm32cubeide/plugins/com.st.stm32cube.ide.mcu.externaltools.gnu-tools-for-stm32.10.3-2021.10.win32_1.0.0.202111181127/tools/bin/../lib/gcc/arm-none-eabi/10.3.1/../../../../arm-none-eabi/lib/thumb/v7-m/nofp\libc_nano.a(lib_a-errno.o)
                0x0000000008004b74                __errno
 .text.__libc_init_array
                0x0000000008004b80       0x48 c:/st/stm32cubeide_1.10.1/stm32cubeide/plugins/com.st.stm32cube.ide.mcu.externaltools.gnu-tools-for-stm32.10.3-2021.10.win32_1.0.0.202111181127/tools/bin/../lib/gcc/arm-none-eabi/10.3.1/../../../../arm-none-eabi/lib/thumb/v7-m/nofp\libc_nano.a(lib_a-init.o)
                0x0000000008004b80                __libc_init_array
 .text.memset   0x0000000008004bc8       0x10 c:/st/stm32cubeide_1.10.1/stm32cubeide/plugins/com.st.stm32cube.ide.mcu.externaltools.gnu-tools-for-stm32.10.3-2021.10.win32_1.0.0.202111181127/tools/bin/../lib/gcc/arm-none-eabi/10.3.1/../../../../arm-none-eabi/lib/thumb/v7-m/nofp\libc_nano.a(lib_a-memset.o)
                0x0000000008004bc8                memset
 .text.sprintf  0x0000000008004bd8       0x40 c:/st/stm32cubeide_1.10.1/stm32cubeide/plugins/com.st.stm32cube.ide.mcu.externaltools.gnu-tools-for-stm32.10.3-2021.10.win32_1.0.0.202111181127/tools/bin/../lib/gcc/arm-none-eabi/10.3.1/../../../../arm-none-eabi/lib/thumb/v7-m/nofp\libc_nano.a(lib_a-sprintf.o)
                0x0000000008004bd8                siprintf
                0x0000000008004bd8                sprintf
 .text.__ssputs_r
                0x0000000008004c18       0xb6 c:/st/stm32cubeide_1.10.1/stm32cubeide/plugins/com.st.stm32cube.ide.mcu.externaltools.gnu-tools-for-stm32.10.3-2021.10.win32_1.0.0.202111181127/tools/bin/../lib/gcc/arm-none-eabi/10.3.1/../../../../arm-none-eabi/lib/thumb/v7-m/nofp\libc_nano.a(lib_a-nano-svfprintf.o)
                0x0000000008004c18                __ssputs_r
 *fill*         0x0000000008004cce        0x2 
 .text._svfprintf_r
                0x0000000008004cd0      0x200 c:/st/stm32cubeide_1.10.1/stm32cubeide/plugins/com.st.stm32cube.ide.mcu.externaltools.gnu-tools-for-stm32.10.3-2021.10.win32_1.0.0.202111181127/tools/bin/../lib/gcc/arm-none-eabi/10.3.1/../../../../arm-none-eabi/lib/thumb/v7-m/nofp\libc_nano.a(lib_a-nano-svfprintf.o)
                0x0000000008004cd0                _svfiprintf_r
                0x0000000008004cd0                _svfprintf_r
 .text._printf_common
                0x0000000008004ed0       0xde c:/st/stm32cubeide_1.10.1/stm32cubeide/plugins/com.st.stm32cube.ide.mcu.externaltools.gnu-tools-for-stm32.10.3-2021.10.win32_1.0.0.202111181127/tools/bin/../lib/gcc/arm-none-eabi/10.3.1/../../../../arm-none-eabi/lib/thumb/v7-m/nofp\libc_nano.a(lib_a-nano-vfprintf_i.o)
                0x0000000008004ed0                _printf_common
 *fill*         0x0000000008004fae        0x2 
 .text._printf_i
                0x0000000008004fb0      0x24c c:/st/stm32cubeide_1.10.1/stm32cubeide/plugins/com.st.stm32cube.ide.mcu.externaltools.gnu-tools-for-stm32.10.3-2021.10.win32_1.0.0.202111181127/tools/bin/../lib/gcc/arm-none-eabi/10.3.1/../../../../arm-none-eabi/lib/thumb/v7-m/nofp\libc_nano.a(lib_a-nano-vfprintf_i.o)
                0x0000000008004fb0                _printf_i
 .text.memchr   0x00000000080051fc       0x1c c:/st/stm32cubeide_1.10.1/stm32cubeide/plugins/com.st.stm32cube.ide.mcu.externaltools.gnu-tools-for-stm32.10.3-2021.10.win32_1.0.0.202111181127/tools/bin/../lib/gcc/arm-none-eabi/10.3.1/../../../../arm-none-eabi/lib/thumb/v7-m/nofp\libc_nano.a(lib_a-memchr-stub.o)
                0x00000000080051fc                memchr
 .text.memcpy   0x0000000008005218       0x1c c:/st/stm32cubeide_1.10.1/stm32cubeide/plugins/com.st.stm32cube.ide.mcu.externaltools.gnu-tools-for-stm32.10.3-2021.10.win32_1.0.0.202111181127/tools/bin/../lib/gcc/arm-none-eabi/10.3.1/../../../../arm-none-eabi/lib/thumb/v7-m/nofp\libc_nano.a(lib_a-memcpy-stub.o)
                0x0000000008005218                memcpy
 .text.memmove  0x0000000008005234       0x34 c:/st/stm32cubeide_1.10.1/stm32cubeide/plugins/com.st.stm32cube.ide.mcu.externaltools.gnu-tools-for-stm32.10.3-2021.10.win32_1.0.0.202111181127/tools/bin/../lib/gcc/arm-none-eabi/10.3.1/../../../../arm-none-eabi/lib/thumb/v7-m/nofp\libc_nano.a(lib_a-memmove.o)
                0x0000000008005234                memmove
 .text._free_r  0x0000000008005268       0x90 c:/st/stm32cubeide_1.10.1/stm32cubeide/plugins/com.st.stm32cube.ide.mcu.externaltools.gnu-tools-for-stm32.10.3-2021.10.win32_1.0.0.202111181127/tools/bin/../lib/gcc/arm-none-eabi/10.3.1/../../../../arm-none-eabi/lib/thumb/v7-m/nofp\libc_nano.a(lib_a-nano-freer.o)
                0x0000000008005268                _free_r
 .text.sbrk_aligned
                0x00000000080052f8       0x40 c:/st/stm32cubeide_1.10.1/stm32cubeide/plugins/com.st.stm32cube.ide.mcu.externaltools.gnu-tools-for-stm32.10.3-2021.10.win32_1.0.0.202111181127/tools/bin/../lib/gcc/arm-none-eabi/10.3.1/../../../../arm-none-eabi/lib/thumb/v7-m/nofp\libc_nano.a(lib_a-nano-mallocr.o)
 .text._malloc_r
                0x0000000008005338       0xe8 c:/st/stm32cubeide_1.10.1/stm32cubeide/plugins/com.st.stm32cube.ide.mcu.externaltools.gnu-tools-for-stm32.10.3-2021.10.win32_1.0.0.202111181127/tools/bin/../lib/gcc/arm-none-eabi/10.3.1/../../../../arm-none-eabi/lib/thumb/v7-m/nofp\libc_nano.a(lib_a-nano-mallocr.o)
                0x0000000008005338                _malloc_r
 .text._realloc_r
                0x0000000008005420       0x5e c:/st/stm32cubeide_1.10.1/stm32cubeide/plugins/com.st.stm32cube.ide.mcu.externaltools.gnu-tools-for-stm32.10.3-2021.10.win32_1.0.0.202111181127/tools/bin/../lib/gcc/arm-none-eabi/10.3.1/../../../../arm-none-eabi/lib/thumb/v7-m/nofp\libc_nano.a(lib_a-nano-reallocr.o)
                0x0000000008005420                _realloc_r
 *fill*         0x000000000800547e        0x2 
 .text._sbrk_r  0x0000000008005480       0x20 c:/st/stm32cubeide_1.10.1/stm32cubeide/plugins/com.st.stm32cube.ide.mcu.externaltools.gnu-tools-for-stm32.10.3-2021.10.win32_1.0.0.202111181127/tools/bin/../lib/gcc/arm-none-eabi/10.3.1/../../../../arm-none-eabi/lib/thumb/v7-m/nofp\libc_nano.a(lib_a-sbrkr.o)
                0x0000000008005480                _sbrk_r
 .text.__malloc_lock
                0x00000000080054a0        0xc c:/st/stm32cubeide_1.10.1/stm32cubeide/plugins/com.st.stm32cube.ide.mcu.externaltools.gnu-tools-for-stm32.10.3-2021.10.win32_1.0.0.202111181127/tools/bin/../lib/gcc/arm-none-eabi/10.3.1/../../../../arm-none-eabi/lib/thumb/v7-m/nofp\libc_nano.a(lib_a-mlock.o)
                0x00000000080054a0                __malloc_lock
 .text.__malloc_unlock
                0x00000000080054ac        0xc c:/st/stm32cubeide_1.10.1/stm32cubeide/plugins/com.st.stm32cube.ide.mcu.externaltools.gnu-tools-for-stm32.10.3-2021.10.win32_1.0.0.202111181127/tools/bin/../lib/gcc/arm-none-eabi/10.3.1/../../../../arm-none-eabi/lib/thumb/v7-m/nofp\libc_nano.a(lib_a-mlock.o)
                0x00000000080054ac                __malloc_unlock
 .text._malloc_usable_size_r
                0x00000000080054b8       0x10 c:/st/stm32cubeide_1.10.1/stm32cubeide/plugins/com.st.stm32cube.ide.mcu.externaltools.gnu-tools-for-stm32.10.3-2021.10.win32_1.0.0.202111181127/tools/bin/../lib/gcc/arm-none-eabi/10.3.1/../../../../arm-none-eabi/lib/thumb/v7-m/nofp\libc_nano.a(lib_a-nano-msizer.o)
                0x00000000080054b8                _malloc_usable_size_r
 .text.__retarget_lock_acquire_recursive
                0x00000000080054c8        0x2 c:/st/stm32cubeide_1.10.1/stm32cubeide/plugins/com.st.stm32cube.ide.mcu.externaltools.gnu-tools-for-stm32.10.3-2021.10.win32_1.0.0.202111181127/tools/bin/../lib/gcc/arm-none-eabi/10.3.1/../../../../arm-none-eabi/lib/thumb/v7-m/nofp\libc_nano.a(lib_a-lock.o)
                0x00000000080054c8                __retarget_lock_acquire_recursive
 .text.__retarget_lock_release_recursive
                0x00000000080054ca        0x2 c:/st/stm32cubeide_1.10.1/stm32cubeide/plugins/com.st.stm32cube.ide.mcu.externaltools.gnu-tools-for-stm32.10.3-2021.10.win32_1.0.0.202111181127/tools/bin/../lib/gcc/arm-none-eabi/10.3.1/../../../../arm-none-eabi/lib/thumb/v7-m/nofp\libc_nano.a(lib_a-lock.o)
                0x00000000080054ca                __retarget_lock_release_recursive
 *(.glue_7)
 .glue_7        0x00000000080054cc        0x0 linker stubs
 *(.glue_7t)
 .glue_7t       0x00000000080054cc        0x0 linker stubs
 *(.eh_frame)
 .eh_frame      0x00000000080054cc        0x0 c:/st/stm32cubeide_1.10.1/stm32cubeide/plugins/com.st.stm32cube.ide.mcu.externaltools.gnu-tools-for-stm32.10.3-2021.10.win32_1.0.0.202111181127/tools/bin/../lib/gcc/arm-none-eabi/10.3.1/thumb/v7-m/nofp/crtbegin.o
 *(.init)
 .init          0x00000000080054cc        0x4 c:/st/stm32cubeide_1.10.1/stm32cubeide/plugins/com.st.stm32cube.ide.mcu.externaltools.gnu-tools-for-stm32.10.3-2021.10.win32_1.0.0.202111181127/tools/bin/../lib/gcc/arm-none-eabi/10.3.1/thumb/v7-m/nofp/crti.o
                0x00000000080054cc                _init
 .init          0x00000000080054d0        0x8 c:/st/stm32cubeide_1.10.1/stm32cubeide/plugins/com.st.stm32cube.ide.mcu.externaltools.gnu-tools-for-stm32.10.3-2021.10.win32_1.0.0.202111181127/tools/bin/../lib/gcc/arm-none-eabi/10.3.1/thumb/v7-m/nofp/crtn.o
 *(.fini)
 .fini          0x00000000080054d8        0x4 c:/st/stm32cubeide_1.10.1/stm32cubeide/plugins/com.st.stm32cube.ide.mcu.externaltools.gnu-tools-for-stm32.10.3-2021.10.win32_1.0.0.202111181127/tools/bin/../lib/gcc/arm-none-eabi/10.3.1/thumb/v7-m/nofp/crti.o
                0x00000000080054d8                _fini
 .fini          0x00000000080054dc        0x8 c:/st/stm32cubeide_1.10.1/stm32cubeide/plugins/com.st.stm32cube.ide.mcu.externaltools.gnu-tools-for-stm32.10.3-2021.10.win32_1.0.0.202111181127/tools/bin/../lib/gcc/arm-none-eabi/10.3.1/thumb/v7-m/nofp/crtn.o
                0x00000000080054e4                . = ALIGN (0x4)
                0x00000000080054e4                _etext = .

.vfp11_veneer   0x00000000080054e4        0x0
 .vfp11_veneer  0x00000000080054e4        0x0 linker stubs

.v4_bx          0x00000000080054e4        0x0
 .v4_bx         0x00000000080054e4        0x0 linker stubs

.iplt           0x00000000080054e4        0x0
 .iplt          0x00000000080054e4        0x0 c:/st/stm32cubeide_1.10.1/stm32cubeide/plugins/com.st.stm32cube.ide.mcu.externaltools.gnu-tools-for-stm32.10.3-2021.10.win32_1.0.0.202111181127/tools/bin/../lib/gcc/arm-none-eabi/10.3.1/thumb/v7-m/nofp/crtbegin.o

.rodata         0x00000000080054e4       0x80
                0x00000000080054e4                . = ALIGN (0x4)
 *(.rodata)
 .rodata        0x00000000080054e4       0x24 ./Core/Src/main.o
 .rodata        0x0000000008005508       0x10 ./Drivers/STM32F1xx_HAL_Driver/Src/stm32f1xx_hal_rcc.o
 *(.rodata*)
 .rodata.AHBPrescTable
                0x0000000008005518       0x10 ./Core/Src/system_stm32f1xx.o
                0x0000000008005518                AHBPrescTable
 .rodata.APBPrescTable
                0x0000000008005528        0x8 ./Core/Src/system_stm32f1xx.o
                0x0000000008005528                APBPrescTable
 .rodata._svfprintf_r.str1.1
                0x0000000008005530       0x11 c:/st/stm32cubeide_1.10.1/stm32cubeide/plugins/com.st.stm32cube.ide.mcu.externaltools.gnu-tools-for-stm32.10.3-2021.10.win32_1.0.0.202111181127/tools/bin/../lib/gcc/arm-none-eabi/10.3.1/../../../../arm-none-eabi/lib/thumb/v7-m/nofp\libc_nano.a(lib_a-nano-svfprintf.o)
 .rodata._printf_i.str1.1
                0x0000000008005541       0x22 c:/st/stm32cubeide_1.10.1/stm32cubeide/plugins/com.st.stm32cube.ide.mcu.externaltools.gnu-tools-for-stm32.10.3-2021.10.win32_1.0.0.202111181127/tools/bin/../lib/gcc/arm-none-eabi/10.3.1/../../../../arm-none-eabi/lib/thumb/v7-m/nofp\libc_nano.a(lib_a-nano-vfprintf_i.o)
                0x0000000008005564                . = ALIGN (0x4)
 *fill*         0x0000000008005563        0x1 

.rel.dyn        0x0000000008005564        0x0
 .rel.iplt      0x0000000008005564        0x0 c:/st/stm32cubeide_1.10.1/stm32cubeide/plugins/com.st.stm32cube.ide.mcu.externaltools.gnu-tools-for-stm32.10.3-2021.10.win32_1.0.0.202111181127/tools/bin/../lib/gcc/arm-none-eabi/10.3.1/thumb/v7-m/nofp/crtbegin.o

.ARM.extab      0x0000000008005564        0x0
                0x0000000008005564                . = ALIGN (0x4)
 *(.ARM.extab* .gnu.linkonce.armextab.*)
                0x0000000008005564                . = ALIGN (0x4)

.ARM            0x0000000008005564        0x0
                0x0000000008005564                . = ALIGN (0x4)
                0x0000000008005564                __exidx_start = .
 *(.ARM.exidx*)
                0x0000000008005564                __exidx_end = .
                0x0000000008005564                . = ALIGN (0x4)

.preinit_array  0x0000000008005564        0x0
                0x0000000008005564                . = ALIGN (0x4)
                0x0000000008005564                PROVIDE (__preinit_array_start = .)
 *(.preinit_array*)
                0x0000000008005564                PROVIDE (__preinit_array_end = .)
                0x0000000008005564                . = ALIGN (0x4)

.init_array     0x0000000008005564        0x4
                0x0000000008005564                . = ALIGN (0x4)
                0x0000000008005564                PROVIDE (__init_array_start = .)
 *(SORT_BY_NAME(.init_array.*))
 *(.init_array*)
 .init_array    0x0000000008005564        0x4 c:/st/stm32cubeide_1.10.1/stm32cubeide/plugins/com.st.stm32cube.ide.mcu.externaltools.gnu-tools-for-stm32.10.3-2021.10.win32_1.0.0.202111181127/tools/bin/../lib/gcc/arm-none-eabi/10.3.1/thumb/v7-m/nofp/crtbegin.o
                0x0000000008005568                PROVIDE (__init_array_end = .)
                0x0000000008005568                . = ALIGN (0x4)

.fini_array     0x0000000008005568        0x4
                0x0000000008005568                . = ALIGN (0x4)
                [!provide]                        PROVIDE (__fini_array_start = .)
 *(SORT_BY_NAME(.fini_array.*))
 *(.fini_array*)
 .fini_array    0x0000000008005568        0x4 c:/st/stm32cubeide_1.10.1/stm32cubeide/plugins/com.st.stm32cube.ide.mcu.externaltools.gnu-tools-for-stm32.10.3-2021.10.win32_1.0.0.202111181127/tools/bin/../lib/gcc/arm-none-eabi/10.3.1/thumb/v7-m/nofp/crtbegin.o
                [!provide]                        PROVIDE (__fini_array_end = .)
                0x000000000800556c                . = ALIGN (0x4)
                0x000000000800556c                _sidata = LOADADDR (.data)

.data           0x0000000020000000       0x78 load address 0x000000000800556c
                0x0000000020000000                . = ALIGN (0x4)
                0x0000000020000000                _sdata = .
 *(.data)
 *(.data*)
 .data.STX      0x0000000020000000        0x1 ./Core/Src/serial.o
                0x0000000020000000                STX
 *fill*         0x0000000020000001        0x3 
 .data.ETX      0x0000000020000004        0x1 ./Core/Src/serial.o
                0x0000000020000004                ETX
 *fill*         0x0000000020000005        0x3 
 .data.SystemCoreClock
                0x0000000020000008        0x4 ./Core/Src/system_stm32f1xx.o
                0x0000000020000008                SystemCoreClock
 .data.uwTickPrio
                0x000000002000000c        0x4 ./Drivers/STM32F1xx_HAL_Driver/Src/stm32f1xx_hal.o
                0x000000002000000c                uwTickPrio
 .data.uwTickFreq
                0x0000000020000010        0x1 ./Drivers/STM32F1xx_HAL_Driver/Src/stm32f1xx_hal.o
                0x0000000020000010                uwTickFreq
 *fill*         0x0000000020000011        0x3 
 .data._impure_ptr
                0x0000000020000014        0x4 c:/st/stm32cubeide_1.10.1/stm32cubeide/plugins/com.st.stm32cube.ide.mcu.externaltools.gnu-tools-for-stm32.10.3-2021.10.win32_1.0.0.202111181127/tools/bin/../lib/gcc/arm-none-eabi/10.3.1/../../../../arm-none-eabi/lib/thumb/v7-m/nofp\libc_nano.a(lib_a-impure.o)
                0x0000000020000014                _impure_ptr
 .data.impure_data
                0x0000000020000018       0x60 c:/st/stm32cubeide_1.10.1/stm32cubeide/plugins/com.st.stm32cube.ide.mcu.externaltools.gnu-tools-for-stm32.10.3-2021.10.win32_1.0.0.202111181127/tools/bin/../lib/gcc/arm-none-eabi/10.3.1/../../../../arm-none-eabi/lib/thumb/v7-m/nofp\libc_nano.a(lib_a-impure.o)
 *(.RamFunc)
 *(.RamFunc*)
                0x0000000020000078                . = ALIGN (0x4)
                0x0000000020000078                _edata = .

.igot.plt       0x0000000020000078        0x0 load address 0x00000000080055e4
 .igot.plt      0x0000000020000078        0x0 c:/st/stm32cubeide_1.10.1/stm32cubeide/plugins/com.st.stm32cube.ide.mcu.externaltools.gnu-tools-for-stm32.10.3-2021.10.win32_1.0.0.202111181127/tools/bin/../lib/gcc/arm-none-eabi/10.3.1/thumb/v7-m/nofp/crtbegin.o
                0x0000000020000078                . = ALIGN (0x4)

.bss            0x0000000020000078      0x1cc load address 0x00000000080055e4
                0x0000000020000078                _sbss = .
                0x0000000020000078                __bss_start__ = _sbss
 *(.bss)
 .bss           0x0000000020000078       0x1c c:/st/stm32cubeide_1.10.1/stm32cubeide/plugins/com.st.stm32cube.ide.mcu.externaltools.gnu-tools-for-stm32.10.3-2021.10.win32_1.0.0.202111181127/tools/bin/../lib/gcc/arm-none-eabi/10.3.1/thumb/v7-m/nofp/crtbegin.o
 *(.bss*)
 .bss.motor     0x0000000020000094       0x20 ./Core/Src/main.o
                0x0000000020000094                motor
 .bss.pid       0x00000000200000b4       0x18 ./Core/Src/main.o
                0x00000000200000b4                pid
 .bss.process   0x00000000200000cc        0x1 ./Core/Src/main.o
                0x00000000200000cc                process
 *fill*         0x00000000200000cd        0x3 
 .bss.buf       0x00000000200000d0        0x8 ./Core/Src/main.o
                0x00000000200000d0                buf
 .bss.buff      0x00000000200000d8        0x1 ./Core/Src/main.o
                0x00000000200000d8                buff
 *fill*         0x00000000200000d9        0x3 
 .bss.Error     0x00000000200000dc        0x4 ./Core/Src/pid.o
                0x00000000200000dc                Error
 .bss.g_nRxBuff
                0x00000000200000e0       0x16 ./Core/Src/serial.o
                0x00000000200000e0                g_nRxBuff
 *fill*         0x00000000200000f6        0x2 
 .bss.g_strCommand
                0x00000000200000f8        0x4 ./Core/Src/serial.o
                0x00000000200000f8                g_strCommand
 .bss.g_kp      0x00000000200000fc        0x4 ./Core/Src/serial.o
                0x00000000200000fc                g_kp
 .bss.g_ki      0x0000000020000100        0x4 ./Core/Src/serial.o
                0x0000000020000100                g_ki
 .bss.g_kd      0x0000000020000104        0x4 ./Core/Src/serial.o
                0x0000000020000104                g_kd
 .bss.g_Setpoint
                0x0000000020000108        0x4 ./Core/Src/serial.o
                0x0000000020000108                g_Setpoint
 .bss.g_bDataAvailable
                0x000000002000010c        0x1 ./Core/Src/serial.o
                0x000000002000010c                g_bDataAvailable
 *fill*         0x000000002000010d        0x3 
 .bss.__sbrk_heap_end
                0x0000000020000110        0x4 ./Core/Src/sysmem.o
 .bss.htim2     0x0000000020000114       0x48 ./Core/Src/tim.o
                0x0000000020000114                htim2
 .bss.htim3     0x000000002000015c       0x48 ./Core/Src/tim.o
                0x000000002000015c                htim3
 .bss.htim4     0x00000000200001a4       0x48 ./Core/Src/tim.o
                0x00000000200001a4                htim4
 .bss.huart1    0x00000000200001ec       0x44 ./Core/Src/usart.o
                0x00000000200001ec                huart1
 .bss.uwTick    0x0000000020000230        0x4 ./Drivers/STM32F1xx_HAL_Driver/Src/stm32f1xx_hal.o
                0x0000000020000230                uwTick
 .bss.__malloc_free_list
                0x0000000020000234        0x4 c:/st/stm32cubeide_1.10.1/stm32cubeide/plugins/com.st.stm32cube.ide.mcu.externaltools.gnu-tools-for-stm32.10.3-2021.10.win32_1.0.0.202111181127/tools/bin/../lib/gcc/arm-none-eabi/10.3.1/../../../../arm-none-eabi/lib/thumb/v7-m/nofp\libc_nano.a(lib_a-nano-mallocr.o)
                0x0000000020000234                __malloc_free_list
 .bss.__malloc_sbrk_start
                0x0000000020000238        0x4 c:/st/stm32cubeide_1.10.1/stm32cubeide/plugins/com.st.stm32cube.ide.mcu.externaltools.gnu-tools-for-stm32.10.3-2021.10.win32_1.0.0.202111181127/tools/bin/../lib/gcc/arm-none-eabi/10.3.1/../../../../arm-none-eabi/lib/thumb/v7-m/nofp\libc_nano.a(lib_a-nano-mallocr.o)
                0x0000000020000238                __malloc_sbrk_start
 .bss.errno     0x000000002000023c        0x4 c:/st/stm32cubeide_1.10.1/stm32cubeide/plugins/com.st.stm32cube.ide.mcu.externaltools.gnu-tools-for-stm32.10.3-2021.10.win32_1.0.0.202111181127/tools/bin/../lib/gcc/arm-none-eabi/10.3.1/../../../../arm-none-eabi/lib/thumb/v7-m/nofp\libc_nano.a(lib_a-reent.o)
                0x000000002000023c                errno
 .bss.__lock___malloc_recursive_mutex
                0x0000000020000240        0x1 c:/st/stm32cubeide_1.10.1/stm32cubeide/plugins/com.st.stm32cube.ide.mcu.externaltools.gnu-tools-for-stm32.10.3-2021.10.win32_1.0.0.202111181127/tools/bin/../lib/gcc/arm-none-eabi/10.3.1/../../../../arm-none-eabi/lib/thumb/v7-m/nofp\libc_nano.a(lib_a-lock.o)
                0x0000000020000240                __lock___malloc_recursive_mutex
 *(COMMON)
                0x0000000020000244                . = ALIGN (0x4)
 *fill*         0x0000000020000241        0x3 
                0x0000000020000244                _ebss = .
                0x0000000020000244                __bss_end__ = _ebss

._user_heap_stack
                0x0000000020000244      0x604 load address 0x00000000080055e4
                0x0000000020000248                . = ALIGN (0x8)
 *fill*         0x0000000020000244        0x4 
                [!provide]                        PROVIDE (end = .)
                0x0000000020000248                PROVIDE (_end = .)
                0x0000000020000448                . = (. + _Min_Heap_Size)
 *fill*         0x0000000020000248      0x200 
                0x0000000020000848                . = (. + _Min_Stack_Size)
 *fill*         0x0000000020000448      0x400 
                0x0000000020000848                . = ALIGN (0x8)

/DISCARD/
 libc.a(*)
 libm.a(*)
 libgcc.a(*)

.ARM.attributes
                0x0000000000000000       0x29
 *(.ARM.attributes)
 .ARM.attributes
                0x0000000000000000       0x1d c:/st/stm32cubeide_1.10.1/stm32cubeide/plugins/com.st.stm32cube.ide.mcu.externaltools.gnu-tools-for-stm32.10.3-2021.10.win32_1.0.0.202111181127/tools/bin/../lib/gcc/arm-none-eabi/10.3.1/thumb/v7-m/nofp/crti.o
 .ARM.attributes
                0x000000000000001d       0x2d c:/st/stm32cubeide_1.10.1/stm32cubeide/plugins/com.st.stm32cube.ide.mcu.externaltools.gnu-tools-for-stm32.10.3-2021.10.win32_1.0.0.202111181127/tools/bin/../lib/gcc/arm-none-eabi/10.3.1/thumb/v7-m/nofp/crtbegin.o
 .ARM.attributes
                0x000000000000004a       0x2d ./Core/Src/gpio.o
 .ARM.attributes
                0x0000000000000077       0x2d ./Core/Src/main.o
 .ARM.attributes
                0x00000000000000a4       0x2d ./Core/Src/motor.o
 .ARM.attributes
                0x00000000000000d1       0x2d ./Core/Src/pid.o
 .ARM.attributes
                0x00000000000000fe       0x2d ./Core/Src/serial.o
 .ARM.attributes
                0x000000000000012b       0x2d ./Core/Src/stm32f1xx_hal_msp.o
 .ARM.attributes
                0x0000000000000158       0x2d ./Core/Src/stm32f1xx_it.o
 .ARM.attributes
                0x0000000000000185       0x2d ./Core/Src/sysmem.o
 .ARM.attributes
                0x00000000000001b2       0x2d ./Core/Src/system_stm32f1xx.o
 .ARM.attributes
                0x00000000000001df       0x2d ./Core/Src/tim.o
 .ARM.attributes
                0x000000000000020c       0x2d ./Core/Src/usart.o
 .ARM.attributes
                0x0000000000000239       0x21 ./Core/Startup/startup_stm32f103c8tx.o
 .ARM.attributes
                0x000000000000025a       0x2d ./Drivers/STM32F1xx_HAL_Driver/Src/stm32f1xx_hal.o
 .ARM.attributes
                0x0000000000000287       0x2d ./Drivers/STM32F1xx_HAL_Driver/Src/stm32f1xx_hal_cortex.o
 .ARM.attributes
                0x00000000000002b4       0x2d ./Drivers/STM32F1xx_HAL_Driver/Src/stm32f1xx_hal_dma.o
 .ARM.attributes
                0x00000000000002e1       0x2d ./Drivers/STM32F1xx_HAL_Driver/Src/stm32f1xx_hal_gpio.o
 .ARM.attributes
                0x000000000000030e       0x2d ./Drivers/STM32F1xx_HAL_Driver/Src/stm32f1xx_hal_rcc.o
 .ARM.attributes
                0x000000000000033b       0x2d ./Drivers/STM32F1xx_HAL_Driver/Src/stm32f1xx_hal_tim.o
 .ARM.attributes
                0x0000000000000368       0x2d ./Drivers/STM32F1xx_HAL_Driver/Src/stm32f1xx_hal_tim_ex.o
 .ARM.attributes
                0x0000000000000395       0x2d ./Drivers/STM32F1xx_HAL_Driver/Src/stm32f1xx_hal_uart.o
 .ARM.attributes
                0x00000000000003c2       0x2d c:/st/stm32cubeide_1.10.1/stm32cubeide/plugins/com.st.stm32cube.ide.mcu.externaltools.gnu-tools-for-stm32.10.3-2021.10.win32_1.0.0.202111181127/tools/bin/../lib/gcc/arm-none-eabi/10.3.1/../../../../arm-none-eabi/lib/thumb/v7-m/nofp\libc_nano.a(lib_a-errno.o)
 .ARM.attributes
                0x00000000000003ef       0x2d c:/st/stm32cubeide_1.10.1/stm32cubeide/plugins/com.st.stm32cube.ide.mcu.externaltools.gnu-tools-for-stm32.10.3-2021.10.win32_1.0.0.202111181127/tools/bin/../lib/gcc/arm-none-eabi/10.3.1/../../../../arm-none-eabi/lib/thumb/v7-m/nofp\libc_nano.a(lib_a-impure.o)
 .ARM.attributes
                0x000000000000041c       0x2d c:/st/stm32cubeide_1.10.1/stm32cubeide/plugins/com.st.stm32cube.ide.mcu.externaltools.gnu-tools-for-stm32.10.3-2021.10.win32_1.0.0.202111181127/tools/bin/../lib/gcc/arm-none-eabi/10.3.1/../../../../arm-none-eabi/lib/thumb/v7-m/nofp\libc_nano.a(lib_a-init.o)
 .ARM.attributes
                0x0000000000000449       0x2d c:/st/stm32cubeide_1.10.1/stm32cubeide/plugins/com.st.stm32cube.ide.mcu.externaltools.gnu-tools-for-stm32.10.3-2021.10.win32_1.0.0.202111181127/tools/bin/../lib/gcc/arm-none-eabi/10.3.1/../../../../arm-none-eabi/lib/thumb/v7-m/nofp\libc_nano.a(lib_a-memset.o)
 .ARM.attributes
                0x0000000000000476       0x2d c:/st/stm32cubeide_1.10.1/stm32cubeide/plugins/com.st.stm32cube.ide.mcu.externaltools.gnu-tools-for-stm32.10.3-2021.10.win32_1.0.0.202111181127/tools/bin/../lib/gcc/arm-none-eabi/10.3.1/../../../../arm-none-eabi/lib/thumb/v7-m/nofp\libc_nano.a(lib_a-sprintf.o)
 .ARM.attributes
                0x00000000000004a3       0x17 c:/st/stm32cubeide_1.10.1/stm32cubeide/plugins/com.st.stm32cube.ide.mcu.externaltools.gnu-tools-for-stm32.10.3-2021.10.win32_1.0.0.202111181127/tools/bin/../lib/gcc/arm-none-eabi/10.3.1/../../../../arm-none-eabi/lib/thumb/v7-m/nofp\libc_nano.a(lib_a-strlen.o)
 .ARM.attributes
                0x00000000000004ba       0x2d c:/st/stm32cubeide_1.10.1/stm32cubeide/plugins/com.st.stm32cube.ide.mcu.externaltools.gnu-tools-for-stm32.10.3-2021.10.win32_1.0.0.202111181127/tools/bin/../lib/gcc/arm-none-eabi/10.3.1/../../../../arm-none-eabi/lib/thumb/v7-m/nofp\libc_nano.a(lib_a-nano-svfprintf.o)
 .ARM.attributes
                0x00000000000004e7       0x2d c:/st/stm32cubeide_1.10.1/stm32cubeide/plugins/com.st.stm32cube.ide.mcu.externaltools.gnu-tools-for-stm32.10.3-2021.10.win32_1.0.0.202111181127/tools/bin/../lib/gcc/arm-none-eabi/10.3.1/../../../../arm-none-eabi/lib/thumb/v7-m/nofp\libc_nano.a(lib_a-nano-vfprintf_i.o)
 .ARM.attributes
                0x0000000000000514       0x2d c:/st/stm32cubeide_1.10.1/stm32cubeide/plugins/com.st.stm32cube.ide.mcu.externaltools.gnu-tools-for-stm32.10.3-2021.10.win32_1.0.0.202111181127/tools/bin/../lib/gcc/arm-none-eabi/10.3.1/../../../../arm-none-eabi/lib/thumb/v7-m/nofp\libc_nano.a(lib_a-memchr-stub.o)
 .ARM.attributes
                0x0000000000000541       0x2d c:/st/stm32cubeide_1.10.1/stm32cubeide/plugins/com.st.stm32cube.ide.mcu.externaltools.gnu-tools-for-stm32.10.3-2021.10.win32_1.0.0.202111181127/tools/bin/../lib/gcc/arm-none-eabi/10.3.1/../../../../arm-none-eabi/lib/thumb/v7-m/nofp\libc_nano.a(lib_a-memcpy-stub.o)
 .ARM.attributes
                0x000000000000056e       0x2d c:/st/stm32cubeide_1.10.1/stm32cubeide/plugins/com.st.stm32cube.ide.mcu.externaltools.gnu-tools-for-stm32.10.3-2021.10.win32_1.0.0.202111181127/tools/bin/../lib/gcc/arm-none-eabi/10.3.1/../../../../arm-none-eabi/lib/thumb/v7-m/nofp\libc_nano.a(lib_a-memmove.o)
 .ARM.attributes
                0x000000000000059b       0x2d c:/st/stm32cubeide_1.10.1/stm32cubeide/plugins/com.st.stm32cube.ide.mcu.externaltools.gnu-tools-for-stm32.10.3-2021.10.win32_1.0.0.202111181127/tools/bin/../lib/gcc/arm-none-eabi/10.3.1/../../../../arm-none-eabi/lib/thumb/v7-m/nofp\libc_nano.a(lib_a-nano-freer.o)
 .ARM.attributes
                0x00000000000005c8       0x2d c:/st/stm32cubeide_1.10.1/stm32cubeide/plugins/com.st.stm32cube.ide.mcu.externaltools.gnu-tools-for-stm32.10.3-2021.10.win32_1.0.0.202111181127/tools/bin/../lib/gcc/arm-none-eabi/10.3.1/../../../../arm-none-eabi/lib/thumb/v7-m/nofp\libc_nano.a(lib_a-nano-mallocr.o)
 .ARM.attributes
                0x00000000000005f5       0x2d c:/st/stm32cubeide_1.10.1/stm32cubeide/plugins/com.st.stm32cube.ide.mcu.externaltools.gnu-tools-for-stm32.10.3-2021.10.win32_1.0.0.202111181127/tools/bin/../lib/gcc/arm-none-eabi/10.3.1/../../../../arm-none-eabi/lib/thumb/v7-m/nofp\libc_nano.a(lib_a-nano-reallocr.o)
 .ARM.attributes
                0x0000000000000622       0x2d c:/st/stm32cubeide_1.10.1/stm32cubeide/plugins/com.st.stm32cube.ide.mcu.externaltools.gnu-tools-for-stm32.10.3-2021.10.win32_1.0.0.202111181127/tools/bin/../lib/gcc/arm-none-eabi/10.3.1/../../../../arm-none-eabi/lib/thumb/v7-m/nofp\libc_nano.a(lib_a-sbrkr.o)
 .ARM.attributes
                0x000000000000064f       0x2d c:/st/stm32cubeide_1.10.1/stm32cubeide/plugins/com.st.stm32cube.ide.mcu.externaltools.gnu-tools-for-stm32.10.3-2021.10.win32_1.0.0.202111181127/tools/bin/../lib/gcc/arm-none-eabi/10.3.1/../../../../arm-none-eabi/lib/thumb/v7-m/nofp\libc_nano.a(lib_a-mlock.o)
 .ARM.attributes
                0x000000000000067c       0x2d c:/st/stm32cubeide_1.10.1/stm32cubeide/plugins/com.st.stm32cube.ide.mcu.externaltools.gnu-tools-for-stm32.10.3-2021.10.win32_1.0.0.202111181127/tools/bin/../lib/gcc/arm-none-eabi/10.3.1/../../../../arm-none-eabi/lib/thumb/v7-m/nofp\libc_nano.a(lib_a-nano-msizer.o)
 .ARM.attributes
                0x00000000000006a9       0x2d c:/st/stm32cubeide_1.10.1/stm32cubeide/plugins/com.st.stm32cube.ide.mcu.externaltools.gnu-tools-for-stm32.10.3-2021.10.win32_1.0.0.202111181127/tools/bin/../lib/gcc/arm-none-eabi/10.3.1/../../../../arm-none-eabi/lib/thumb/v7-m/nofp\libc_nano.a(lib_a-reent.o)
 .ARM.attributes
                0x00000000000006d6       0x2d c:/st/stm32cubeide_1.10.1/stm32cubeide/plugins/com.st.stm32cube.ide.mcu.externaltools.gnu-tools-for-stm32.10.3-2021.10.win32_1.0.0.202111181127/tools/bin/../lib/gcc/arm-none-eabi/10.3.1/../../../../arm-none-eabi/lib/thumb/v7-m/nofp\libc_nano.a(lib_a-lock.o)
 .ARM.attributes
                0x0000000000000703       0x1d c:/st/stm32cubeide_1.10.1/stm32cubeide/plugins/com.st.stm32cube.ide.mcu.externaltools.gnu-tools-for-stm32.10.3-2021.10.win32_1.0.0.202111181127/tools/bin/../lib/gcc/arm-none-eabi/10.3.1/thumb/v7-m/nofp\libgcc.a(_arm_addsubdf3.o)
 .ARM.attributes
                0x0000000000000720       0x1d c:/st/stm32cubeide_1.10.1/stm32cubeide/plugins/com.st.stm32cube.ide.mcu.externaltools.gnu-tools-for-stm32.10.3-2021.10.win32_1.0.0.202111181127/tools/bin/../lib/gcc/arm-none-eabi/10.3.1/thumb/v7-m/nofp\libgcc.a(_arm_muldivdf3.o)
 .ARM.attributes
                0x000000000000073d       0x1d c:/st/stm32cubeide_1.10.1/stm32cubeide/plugins/com.st.stm32cube.ide.mcu.externaltools.gnu-tools-for-stm32.10.3-2021.10.win32_1.0.0.202111181127/tools/bin/../lib/gcc/arm-none-eabi/10.3.1/thumb/v7-m/nofp\libgcc.a(_arm_truncdfsf2.o)
 .ARM.attributes
                0x000000000000075a       0x1d c:/st/stm32cubeide_1.10.1/stm32cubeide/plugins/com.st.stm32cube.ide.mcu.externaltools.gnu-tools-for-stm32.10.3-2021.10.win32_1.0.0.202111181127/tools/bin/../lib/gcc/arm-none-eabi/10.3.1/thumb/v7-m/nofp\libgcc.a(_arm_addsubsf3.o)
 .ARM.attributes
                0x0000000000000777       0x1d c:/st/stm32cubeide_1.10.1/stm32cubeide/plugins/com.st.stm32cube.ide.mcu.externaltools.gnu-tools-for-stm32.10.3-2021.10.win32_1.0.0.202111181127/tools/bin/../lib/gcc/arm-none-eabi/10.3.1/thumb/v7-m/nofp\libgcc.a(_arm_muldivsf3.o)
 .ARM.attributes
                0x0000000000000794       0x1d c:/st/stm32cubeide_1.10.1/stm32cubeide/plugins/com.st.stm32cube.ide.mcu.externaltools.gnu-tools-for-stm32.10.3-2021.10.win32_1.0.0.202111181127/tools/bin/../lib/gcc/arm-none-eabi/10.3.1/thumb/v7-m/nofp\libgcc.a(_arm_cmpsf2.o)
 .ARM.attributes
                0x00000000000007b1       0x1d c:/st/stm32cubeide_1.10.1/stm32cubeide/plugins/com.st.stm32cube.ide.mcu.externaltools.gnu-tools-for-stm32.10.3-2021.10.win32_1.0.0.202111181127/tools/bin/../lib/gcc/arm-none-eabi/10.3.1/thumb/v7-m/nofp\libgcc.a(_arm_fixsfsi.o)
 .ARM.attributes
                0x00000000000007ce       0x1d c:/st/stm32cubeide_1.10.1/stm32cubeide/plugins/com.st.stm32cube.ide.mcu.externaltools.gnu-tools-for-stm32.10.3-2021.10.win32_1.0.0.202111181127/tools/bin/../lib/gcc/arm-none-eabi/10.3.1/thumb/v7-m/nofp/crtn.o
OUTPUT(Turning.elf elf32-littlearm)
LOAD linker stubs
LOAD c:/st/stm32cubeide_1.10.1/stm32cubeide/plugins/com.st.stm32cube.ide.mcu.externaltools.gnu-tools-for-stm32.10.3-2021.10.win32_1.0.0.202111181127/tools/bin/../lib/gcc/arm-none-eabi/10.3.1/../../../../arm-none-eabi/lib/thumb/v7-m/nofp\libc.a
LOAD c:/st/stm32cubeide_1.10.1/stm32cubeide/plugins/com.st.stm32cube.ide.mcu.externaltools.gnu-tools-for-stm32.10.3-2021.10.win32_1.0.0.202111181127/tools/bin/../lib/gcc/arm-none-eabi/10.3.1/../../../../arm-none-eabi/lib/thumb/v7-m/nofp\libm.a
LOAD c:/st/stm32cubeide_1.10.1/stm32cubeide/plugins/com.st.stm32cube.ide.mcu.externaltools.gnu-tools-for-stm32.10.3-2021.10.win32_1.0.0.202111181127/tools/bin/../lib/gcc/arm-none-eabi/10.3.1/thumb/v7-m/nofp\libgcc.a

.debug_info     0x0000000000000000     0xcbbe
 .debug_info    0x0000000000000000      0x471 ./Core/Src/gpio.o
 .debug_info    0x0000000000000471      0xf60 ./Core/Src/main.o
 .debug_info    0x00000000000013d1      0x9e5 ./Core/Src/motor.o
 .debug_info    0x0000000000001db6      0x1f0 ./Core/Src/pid.o
 .debug_info    0x0000000000001fa6      0x7e4 ./Core/Src/serial.o
 .debug_info    0x000000000000278a      0x210 ./Core/Src/stm32f1xx_hal_msp.o
 .debug_info    0x000000000000299a      0x9ad ./Core/Src/stm32f1xx_it.o
 .debug_info    0x0000000000003347      0x171 ./Core/Src/sysmem.o
 .debug_info    0x00000000000034b8      0x23d ./Core/Src/system_stm32f1xx.o
 .debug_info    0x00000000000036f5      0xe5e ./Core/Src/tim.o
 .debug_info    0x0000000000004553      0x978 ./Core/Src/usart.o
 .debug_info    0x0000000000004ecb       0x22 ./Core/Startup/startup_stm32f103c8tx.o
 .debug_info    0x0000000000004eed      0x734 ./Drivers/STM32F1xx_HAL_Driver/Src/stm32f1xx_hal.o
 .debug_info    0x0000000000005621      0xb20 ./Drivers/STM32F1xx_HAL_Driver/Src/stm32f1xx_hal_cortex.o
 .debug_info    0x0000000000006141      0x73f ./Drivers/STM32F1xx_HAL_Driver/Src/stm32f1xx_hal_dma.o
 .debug_info    0x0000000000006880      0x615 ./Drivers/STM32F1xx_HAL_Driver/Src/stm32f1xx_hal_gpio.o
 .debug_info    0x0000000000006e95      0x860 ./Drivers/STM32F1xx_HAL_Driver/Src/stm32f1xx_hal_rcc.o
 .debug_info    0x00000000000076f5     0x29de ./Drivers/STM32F1xx_HAL_Driver/Src/stm32f1xx_hal_tim.o
 .debug_info    0x000000000000a0d3     0x1513 ./Drivers/STM32F1xx_HAL_Driver/Src/stm32f1xx_hal_tim_ex.o
 .debug_info    0x000000000000b5e6     0x15d8 ./Drivers/STM32F1xx_HAL_Driver/Src/stm32f1xx_hal_uart.o

.debug_abbrev   0x0000000000000000     0x2443
 .debug_abbrev  0x0000000000000000      0x152 ./Core/Src/gpio.o
 .debug_abbrev  0x0000000000000152      0x297 ./Core/Src/main.o
 .debug_abbrev  0x00000000000003e9      0x1ea ./Core/Src/motor.o
 .debug_abbrev  0x00000000000005d3      0x110 ./Core/Src/pid.o
 .debug_abbrev  0x00000000000006e3      0x20b ./Core/Src/serial.o
 .debug_abbrev  0x00000000000008ee       0xd4 ./Core/Src/stm32f1xx_hal_msp.o
 .debug_abbrev  0x00000000000009c2      0x199 ./Core/Src/stm32f1xx_it.o
 .debug_abbrev  0x0000000000000b5b       0xbb ./Core/Src/sysmem.o
 .debug_abbrev  0x0000000000000c16      0x13b ./Core/Src/system_stm32f1xx.o
 .debug_abbrev  0x0000000000000d51      0x271 ./Core/Src/tim.o
 .debug_abbrev  0x0000000000000fc2      0x1ec ./Core/Src/usart.o
 .debug_abbrev  0x00000000000011ae       0x12 ./Core/Startup/startup_stm32f103c8tx.o
 .debug_abbrev  0x00000000000011c0      0x1fb ./Drivers/STM32F1xx_HAL_Driver/Src/stm32f1xx_hal.o
 .debug_abbrev  0x00000000000013bb      0x2ed ./Drivers/STM32F1xx_HAL_Driver/Src/stm32f1xx_hal_cortex.o
 .debug_abbrev  0x00000000000016a8      0x1fe ./Drivers/STM32F1xx_HAL_Driver/Src/stm32f1xx_hal_dma.o
 .debug_abbrev  0x00000000000018a6      0x1bb ./Drivers/STM32F1xx_HAL_Driver/Src/stm32f1xx_hal_gpio.o
 .debug_abbrev  0x0000000000001a61      0x2a8 ./Drivers/STM32F1xx_HAL_Driver/Src/stm32f1xx_hal_rcc.o
 .debug_abbrev  0x0000000000001d09      0x25d ./Drivers/STM32F1xx_HAL_Driver/Src/stm32f1xx_hal_tim.o
 .debug_abbrev  0x0000000000001f66      0x265 ./Drivers/STM32F1xx_HAL_Driver/Src/stm32f1xx_hal_tim_ex.o
 .debug_abbrev  0x00000000000021cb      0x278 ./Drivers/STM32F1xx_HAL_Driver/Src/stm32f1xx_hal_uart.o

.debug_aranges  0x0000000000000000      0xd40
 .debug_aranges
                0x0000000000000000       0x20 ./Core/Src/gpio.o
 .debug_aranges
                0x0000000000000020       0x40 ./Core/Src/main.o
 .debug_aranges
                0x0000000000000060       0x48 ./Core/Src/motor.o
 .debug_aranges
                0x00000000000000a8       0x30 ./Core/Src/pid.o
 .debug_aranges
                0x00000000000000d8       0x48 ./Core/Src/serial.o
 .debug_aranges
                0x0000000000000120       0x20 ./Core/Src/stm32f1xx_hal_msp.o
 .debug_aranges
                0x0000000000000140       0x78 ./Core/Src/stm32f1xx_it.o
 .debug_aranges
                0x00000000000001b8       0x20 ./Core/Src/sysmem.o
 .debug_aranges
                0x00000000000001d8       0x28 ./Core/Src/system_stm32f1xx.o
 .debug_aranges
                0x0000000000000200       0x68 ./Core/Src/tim.o
 .debug_aranges
                0x0000000000000268       0x30 ./Core/Src/usart.o
 .debug_aranges
                0x0000000000000298       0x28 ./Core/Startup/startup_stm32f103c8tx.o
 .debug_aranges
                0x00000000000002c0       0xe0 ./Drivers/STM32F1xx_HAL_Driver/Src/stm32f1xx_hal.o
 .debug_aranges
                0x00000000000003a0      0x100 ./Drivers/STM32F1xx_HAL_Driver/Src/stm32f1xx_hal_cortex.o
 .debug_aranges
                0x00000000000004a0       0x80 ./Drivers/STM32F1xx_HAL_Driver/Src/stm32f1xx_hal_dma.o
 .debug_aranges
                0x0000000000000520       0x58 ./Drivers/STM32F1xx_HAL_Driver/Src/stm32f1xx_hal_gpio.o
 .debug_aranges
                0x0000000000000578       0x90 ./Drivers/STM32F1xx_HAL_Driver/Src/stm32f1xx_hal_rcc.o
 .debug_aranges
                0x0000000000000608      0x3d0 ./Drivers/STM32F1xx_HAL_Driver/Src/stm32f1xx_hal_tim.o
 .debug_aranges
                0x00000000000009d8      0x168 ./Drivers/STM32F1xx_HAL_Driver/Src/stm32f1xx_hal_tim_ex.o
 .debug_aranges
                0x0000000000000b40      0x200 ./Drivers/STM32F1xx_HAL_Driver/Src/stm32f1xx_hal_uart.o

.debug_ranges   0x0000000000000000      0xc38
 .debug_ranges  0x0000000000000000       0x10 ./Core/Src/gpio.o
 .debug_ranges  0x0000000000000010       0x30 ./Core/Src/main.o
 .debug_ranges  0x0000000000000040       0x38 ./Core/Src/motor.o
 .debug_ranges  0x0000000000000078       0x20 ./Core/Src/pid.o
 .debug_ranges  0x0000000000000098       0x38 ./Core/Src/serial.o
 .debug_ranges  0x00000000000000d0       0x10 ./Core/Src/stm32f1xx_hal_msp.o
 .debug_ranges  0x00000000000000e0       0x68 ./Core/Src/stm32f1xx_it.o
 .debug_ranges  0x0000000000000148       0x10 ./Core/Src/sysmem.o
 .debug_ranges  0x0000000000000158       0x18 ./Core/Src/system_stm32f1xx.o
 .debug_ranges  0x0000000000000170       0x58 ./Core/Src/tim.o
 .debug_ranges  0x00000000000001c8       0x20 ./Core/Src/usart.o
 .debug_ranges  0x00000000000001e8       0x20 ./Core/Startup/startup_stm32f103c8tx.o
 .debug_ranges  0x0000000000000208       0xd0 ./Drivers/STM32F1xx_HAL_Driver/Src/stm32f1xx_hal.o
 .debug_ranges  0x00000000000002d8       0xf0 ./Drivers/STM32F1xx_HAL_Driver/Src/stm32f1xx_hal_cortex.o
 .debug_ranges  0x00000000000003c8       0x70 ./Drivers/STM32F1xx_HAL_Driver/Src/stm32f1xx_hal_dma.o
 .debug_ranges  0x0000000000000438       0x48 ./Drivers/STM32F1xx_HAL_Driver/Src/stm32f1xx_hal_gpio.o
 .debug_ranges  0x0000000000000480       0x80 ./Drivers/STM32F1xx_HAL_Driver/Src/stm32f1xx_hal_rcc.o
 .debug_ranges  0x0000000000000500      0x3c0 ./Drivers/STM32F1xx_HAL_Driver/Src/stm32f1xx_hal_tim.o
 .debug_ranges  0x00000000000008c0      0x158 ./Drivers/STM32F1xx_HAL_Driver/Src/stm32f1xx_hal_tim_ex.o
 .debug_ranges  0x0000000000000a18      0x220 ./Drivers/STM32F1xx_HAL_Driver/Src/stm32f1xx_hal_uart.o

.debug_macro    0x0000000000000000    0x18c50
 .debug_macro   0x0000000000000000      0x1b7 ./Core/Src/gpio.o
 .debug_macro   0x00000000000001b7      0xa6c ./Core/Src/gpio.o
 .debug_macro   0x0000000000000c23      0x21b ./Core/Src/gpio.o
 .debug_macro   0x0000000000000e3e       0x2e ./Core/Src/gpio.o
 .debug_macro   0x0000000000000e6c       0x22 ./Core/Src/gpio.o
 .debug_macro   0x0000000000000e8e       0x22 ./Core/Src/gpio.o
 .debug_macro   0x0000000000000eb0       0x8e ./Core/Src/gpio.o
 .debug_macro   0x0000000000000f3e       0x51 ./Core/Src/gpio.o
 .debug_macro   0x0000000000000f8f      0x103 ./Core/Src/gpio.o
 .debug_macro   0x0000000000001092       0x6a ./Core/Src/gpio.o
 .debug_macro   0x00000000000010fc      0x1df ./Core/Src/gpio.o
 .debug_macro   0x00000000000012db       0x1c ./Core/Src/gpio.o
 .debug_macro   0x00000000000012f7       0x22 ./Core/Src/gpio.o
 .debug_macro   0x0000000000001319       0xbd ./Core/Src/gpio.o
 .debug_macro   0x00000000000013d6      0xd23 ./Core/Src/gpio.o
 .debug_macro   0x00000000000020f9     0xe09e ./Core/Src/gpio.o
 .debug_macro   0x0000000000010197       0x6d ./Core/Src/gpio.o
 .debug_macro   0x0000000000010204     0x3468 ./Core/Src/gpio.o
 .debug_macro   0x000000000001366c      0x174 ./Core/Src/gpio.o
 .debug_macro   0x00000000000137e0       0x5c ./Core/Src/gpio.o
 .debug_macro   0x000000000001383c      0x5be ./Core/Src/gpio.o
 .debug_macro   0x0000000000013dfa      0x289 ./Core/Src/gpio.o
 .debug_macro   0x0000000000014083      0x1cb ./Core/Src/gpio.o
 .debug_macro   0x000000000001424e      0x114 ./Core/Src/gpio.o
 .debug_macro   0x0000000000014362      0x1b2 ./Core/Src/gpio.o
 .debug_macro   0x0000000000014514       0x27 ./Core/Src/gpio.o
 .debug_macro   0x000000000001453b      0x136 ./Core/Src/gpio.o
 .debug_macro   0x0000000000014671      0x1bc ./Core/Src/gpio.o
 .debug_macro   0x000000000001482d       0x34 ./Core/Src/gpio.o
 .debug_macro   0x0000000000014861       0x3c ./Core/Src/gpio.o
 .debug_macro   0x000000000001489d       0x57 ./Core/Src/gpio.o
 .debug_macro   0x00000000000148f4       0x88 ./Core/Src/gpio.o
 .debug_macro   0x000000000001497c      0x241 ./Core/Src/gpio.o
 .debug_macro   0x0000000000014bbd      0x141 ./Core/Src/gpio.o
 .debug_macro   0x0000000000014cfe      0x8d1 ./Core/Src/gpio.o
 .debug_macro   0x00000000000155cf      0x279 ./Core/Src/gpio.o
 .debug_macro   0x0000000000015848       0x83 ./Core/Src/gpio.o
 .debug_macro   0x00000000000158cb      0x38f ./Core/Src/main.o
 .debug_macro   0x0000000000015c5a       0x52 ./Core/Src/main.o
 .debug_macro   0x0000000000015cac       0x18 ./Core/Src/main.o
 .debug_macro   0x0000000000015cc4       0x3c ./Core/Src/main.o
 .debug_macro   0x0000000000015d00       0x34 ./Core/Src/main.o
 .debug_macro   0x0000000000015d34       0x16 ./Core/Src/main.o
 .debug_macro   0x0000000000015d4a       0x35 ./Core/Src/main.o
 .debug_macro   0x0000000000015d7f      0x341 ./Core/Src/main.o
 .debug_macro   0x00000000000160c0       0x10 ./Core/Src/main.o
 .debug_macro   0x00000000000160d0       0x16 ./Core/Src/main.o
 .debug_macro   0x00000000000160e6       0x43 ./Core/Src/main.o
 .debug_macro   0x0000000000016129       0x34 ./Core/Src/main.o
 .debug_macro   0x000000000001615d       0x10 ./Core/Src/main.o
 .debug_macro   0x000000000001616d       0x58 ./Core/Src/main.o
 .debug_macro   0x00000000000161c5       0x71 ./Core/Src/main.o
 .debug_macro   0x0000000000016236       0x1c ./Core/Src/main.o
 .debug_macro   0x0000000000016252      0x12a ./Core/Src/main.o
 .debug_macro   0x000000000001637c       0x10 ./Core/Src/main.o
 .debug_macro   0x000000000001638c       0x1c ./Core/Src/main.o
 .debug_macro   0x00000000000163a8       0x52 ./Core/Src/main.o
 .debug_macro   0x00000000000163fa       0x22 ./Core/Src/main.o
 .debug_macro   0x000000000001641c       0x10 ./Core/Src/main.o
 .debug_macro   0x000000000001642c       0x52 ./Core/Src/main.o
 .debug_macro   0x000000000001647e       0xd5 ./Core/Src/main.o
 .debug_macro   0x0000000000016553       0x1c ./Core/Src/main.o
 .debug_macro   0x000000000001656f       0x3d ./Core/Src/main.o
 .debug_macro   0x00000000000165ac       0x16 ./Core/Src/main.o
 .debug_macro   0x00000000000165c2      0x145 ./Core/Src/main.o
 .debug_macro   0x0000000000016707       0x22 ./Core/Src/main.o
 .debug_macro   0x0000000000016729       0x16 ./Core/Src/main.o
 .debug_macro   0x000000000001673f       0x20 ./Core/Src/main.o
 .debug_macro   0x000000000001675f      0x3ae ./Core/Src/motor.o
 .debug_macro   0x0000000000016b0d       0x10 ./Core/Src/motor.o
 .debug_macro   0x0000000000016b1d      0x19b ./Core/Src/motor.o
 .debug_macro   0x0000000000016cb8       0x1c ./Core/Src/motor.o
 .debug_macro   0x0000000000016cd4       0x16 ./Core/Src/motor.o
 .debug_macro   0x0000000000016cea       0x16 ./Core/Src/motor.o
 .debug_macro   0x0000000000016d00       0x29 ./Core/Src/motor.o
 .debug_macro   0x0000000000016d29       0x56 ./Core/Src/motor.o
 .debug_macro   0x0000000000016d7f      0x1c1 ./Core/Src/pid.o
 .debug_macro   0x0000000000016f40      0x3a6 ./Core/Src/serial.o
 .debug_macro   0x00000000000172e6      0x1ad ./Core/Src/stm32f1xx_hal_msp.o
 .debug_macro   0x0000000000017493      0x1b7 ./Core/Src/stm32f1xx_it.o
 .debug_macro   0x000000000001764a       0xff ./Core/Src/sysmem.o
 .debug_macro   0x0000000000017749      0x23b ./Core/Src/sysmem.o
 .debug_macro   0x0000000000017984      0x1a3 ./Core/Src/system_stm32f1xx.o
 .debug_macro   0x0000000000017b27      0x1b7 ./Core/Src/tim.o
 .debug_macro   0x0000000000017cde      0x1b7 ./Core/Src/usart.o
 .debug_macro   0x0000000000017e95      0x1c7 ./Drivers/STM32F1xx_HAL_Driver/Src/stm32f1xx_hal.o
 .debug_macro   0x000000000001805c      0x1a3 ./Drivers/STM32F1xx_HAL_Driver/Src/stm32f1xx_hal_cortex.o
 .debug_macro   0x00000000000181ff      0x1a3 ./Drivers/STM32F1xx_HAL_Driver/Src/stm32f1xx_hal_dma.o
 .debug_macro   0x00000000000183a2      0x20e ./Drivers/STM32F1xx_HAL_Driver/Src/stm32f1xx_hal_gpio.o
 .debug_macro   0x00000000000185b0      0x1b5 ./Drivers/STM32F1xx_HAL_Driver/Src/stm32f1xx_hal_rcc.o
 .debug_macro   0x0000000000018765      0x1a4 ./Drivers/STM32F1xx_HAL_Driver/Src/stm32f1xx_hal_tim.o
 .debug_macro   0x0000000000018909      0x1a3 ./Drivers/STM32F1xx_HAL_Driver/Src/stm32f1xx_hal_tim_ex.o
 .debug_macro   0x0000000000018aac      0x1a4 ./Drivers/STM32F1xx_HAL_Driver/Src/stm32f1xx_hal_uart.o

.debug_line     0x0000000000000000     0xf2a3
 .debug_line    0x0000000000000000      0x68c ./Core/Src/gpio.o
 .debug_line    0x000000000000068c      0xa2a ./Core/Src/main.o
 .debug_line    0x00000000000010b6      0xa00 ./Core/Src/motor.o
 .debug_line    0x0000000000001ab6      0x70c ./Core/Src/pid.o
 .debug_line    0x00000000000021c2      0x9ec ./Core/Src/serial.o
 .debug_line    0x0000000000002bae      0x672 ./Core/Src/stm32f1xx_hal_msp.o
 .debug_line    0x0000000000003220      0x77c ./Core/Src/stm32f1xx_it.o
 .debug_line    0x000000000000399c      0x4ea ./Core/Src/sysmem.o
 .debug_line    0x0000000000003e86      0x6f0 ./Core/Src/system_stm32f1xx.o
 .debug_line    0x0000000000004576      0x83c ./Core/Src/tim.o
 .debug_line    0x0000000000004db2      0x6e4 ./Core/Src/usart.o
 .debug_line    0x0000000000005496       0x87 ./Core/Startup/startup_stm32f103c8tx.o
 .debug_line    0x000000000000551d      0x91d ./Drivers/STM32F1xx_HAL_Driver/Src/stm32f1xx_hal.o
 .debug_line    0x0000000000005e3a      0xb05 ./Drivers/STM32F1xx_HAL_Driver/Src/stm32f1xx_hal_cortex.o
 .debug_line    0x000000000000693f      0xd75 ./Drivers/STM32F1xx_HAL_Driver/Src/stm32f1xx_hal_dma.o
 .debug_line    0x00000000000076b4      0x9b4 ./Drivers/STM32F1xx_HAL_Driver/Src/stm32f1xx_hal_gpio.o
 .debug_line    0x0000000000008068      0xd2b ./Drivers/STM32F1xx_HAL_Driver/Src/stm32f1xx_hal_rcc.o
 .debug_line    0x0000000000008d93     0x32d3 ./Drivers/STM32F1xx_HAL_Driver/Src/stm32f1xx_hal_tim.o
 .debug_line    0x000000000000c066     0x1845 ./Drivers/STM32F1xx_HAL_Driver/Src/stm32f1xx_hal_tim_ex.o
 .debug_line    0x000000000000d8ab     0x19f8 ./Drivers/STM32F1xx_HAL_Driver/Src/stm32f1xx_hal_uart.o

.debug_str      0x0000000000000000    0x8b262
 .debug_str     0x0000000000000000    0x8325c ./Core/Src/gpio.o
                                      0x8360a (size before relaxing)
 .debug_str     0x000000000008325c     0x4817 ./Core/Src/main.o
                                      0x87b75 (size before relaxing)
 .debug_str     0x0000000000087a73      0x95e ./Core/Src/motor.o
                                      0x87f7b (size before relaxing)
 .debug_str     0x00000000000883d1       0x23 ./Core/Src/pid.o
                                      0x8326b (size before relaxing)
 .debug_str     0x00000000000883f4       0x8e ./Core/Src/serial.o
                                      0x87e14 (size before relaxing)
 .debug_str     0x0000000000088482       0x5a ./Core/Src/stm32f1xx_hal_msp.o
                                      0x8328b (size before relaxing)
 .debug_str     0x00000000000884dc      0x13c ./Core/Src/stm32f1xx_it.o
                                      0x839e3 (size before relaxing)
 .debug_str     0x0000000000088618      0x4da ./Core/Src/sysmem.o
                                       0x5d4b (size before relaxing)
 .debug_str     0x0000000000088af2       0x7e ./Core/Src/system_stm32f1xx.o
                                      0x832b6 (size before relaxing)
 .debug_str     0x0000000000088b70      0x32b ./Core/Src/tim.o
                                      0x83e12 (size before relaxing)
 .debug_str     0x0000000000088e9b       0x51 ./Core/Src/usart.o
                                      0x83a3e (size before relaxing)
 .debug_str     0x0000000000088eec       0x36 ./Core/Startup/startup_stm32f103c8tx.o
                                         0x65 (size before relaxing)
 .debug_str     0x0000000000088f22      0x38e ./Drivers/STM32F1xx_HAL_Driver/Src/stm32f1xx_hal.o
                                      0x839e9 (size before relaxing)
 .debug_str     0x00000000000892b0      0x294 ./Drivers/STM32F1xx_HAL_Driver/Src/stm32f1xx_hal_cortex.o
                                      0x83935 (size before relaxing)
 .debug_str     0x0000000000089544      0x235 ./Drivers/STM32F1xx_HAL_Driver/Src/stm32f1xx_hal_dma.o
                                      0x8365f (size before relaxing)
 .debug_str     0x0000000000089779      0x2a8 ./Drivers/STM32F1xx_HAL_Driver/Src/stm32f1xx_hal_gpio.o
                                      0x8363c (size before relaxing)
 .debug_str     0x0000000000089a21      0x229 ./Drivers/STM32F1xx_HAL_Driver/Src/stm32f1xx_hal_rcc.o
                                      0x836e5 (size before relaxing)
 .debug_str     0x0000000000089c4a      0xbf8 ./Drivers/STM32F1xx_HAL_Driver/Src/stm32f1xx_hal_tim.o
                                      0x846d0 (size before relaxing)
 .debug_str     0x000000000008a842      0x493 ./Drivers/STM32F1xx_HAL_Driver/Src/stm32f1xx_hal_tim_ex.o
                                      0x83eec (size before relaxing)
 .debug_str     0x000000000008acd5      0x58d ./Drivers/STM32F1xx_HAL_Driver/Src/stm32f1xx_hal_uart.o
                                      0x83cf0 (size before relaxing)

.comment        0x0000000000000000       0x50
 .comment       0x0000000000000000       0x50 ./Core/Src/gpio.o
                                         0x51 (size before relaxing)
 .comment       0x0000000000000050       0x51 ./Core/Src/main.o
 .comment       0x0000000000000050       0x51 ./Core/Src/motor.o
 .comment       0x0000000000000050       0x51 ./Core/Src/pid.o
 .comment       0x0000000000000050       0x51 ./Core/Src/serial.o
 .comment       0x0000000000000050       0x51 ./Core/Src/stm32f1xx_hal_msp.o
 .comment       0x0000000000000050       0x51 ./Core/Src/stm32f1xx_it.o
 .comment       0x0000000000000050       0x51 ./Core/Src/sysmem.o
 .comment       0x0000000000000050       0x51 ./Core/Src/system_stm32f1xx.o
 .comment       0x0000000000000050       0x51 ./Core/Src/tim.o
 .comment       0x0000000000000050       0x51 ./Core/Src/usart.o
 .comment       0x0000000000000050       0x51 ./Drivers/STM32F1xx_HAL_Driver/Src/stm32f1xx_hal.o
 .comment       0x0000000000000050       0x51 ./Drivers/STM32F1xx_HAL_Driver/Src/stm32f1xx_hal_cortex.o
 .comment       0x0000000000000050       0x51 ./Drivers/STM32F1xx_HAL_Driver/Src/stm32f1xx_hal_dma.o
 .comment       0x0000000000000050       0x51 ./Drivers/STM32F1xx_HAL_Driver/Src/stm32f1xx_hal_gpio.o
 .comment       0x0000000000000050       0x51 ./Drivers/STM32F1xx_HAL_Driver/Src/stm32f1xx_hal_rcc.o
 .comment       0x0000000000000050       0x51 ./Drivers/STM32F1xx_HAL_Driver/Src/stm32f1xx_hal_tim.o
 .comment       0x0000000000000050       0x51 ./Drivers/STM32F1xx_HAL_Driver/Src/stm32f1xx_hal_tim_ex.o
 .comment       0x0000000000000050       0x51 ./Drivers/STM32F1xx_HAL_Driver/Src/stm32f1xx_hal_uart.o

.debug_frame    0x0000000000000000     0x3c34
 .debug_frame   0x0000000000000000       0x34 ./Core/Src/gpio.o
 .debug_frame   0x0000000000000034       0xb4 ./Core/Src/main.o
 .debug_frame   0x00000000000000e8       0xf4 ./Core/Src/motor.o
 .debug_frame   0x00000000000001dc       0x84 ./Core/Src/pid.o
 .debug_frame   0x0000000000000260       0xdc ./Core/Src/serial.o
 .debug_frame   0x000000000000033c       0x38 ./Core/Src/stm32f1xx_hal_msp.o
 .debug_frame   0x0000000000000374      0x158 ./Core/Src/stm32f1xx_it.o
 .debug_frame   0x00000000000004cc       0x34 ./Core/Src/sysmem.o
 .debug_frame   0x0000000000000500       0x58 ./Core/Src/system_stm32f1xx.o
 .debug_frame   0x0000000000000558      0x180 ./Core/Src/tim.o
 .debug_frame   0x00000000000006d8       0x74 ./Core/Src/usart.o
 .debug_frame   0x000000000000074c      0x334 ./Drivers/STM32F1xx_HAL_Driver/Src/stm32f1xx_hal.o
 .debug_frame   0x0000000000000a80      0x428 ./Drivers/STM32F1xx_HAL_Driver/Src/stm32f1xx_hal_cortex.o
 .debug_frame   0x0000000000000ea8      0x208 ./Drivers/STM32F1xx_HAL_Driver/Src/stm32f1xx_hal_dma.o
 .debug_frame   0x00000000000010b0      0x14c ./Drivers/STM32F1xx_HAL_Driver/Src/stm32f1xx_hal_gpio.o
 .debug_frame   0x00000000000011fc      0x21c ./Drivers/STM32F1xx_HAL_Driver/Src/stm32f1xx_hal_rcc.o
 .debug_frame   0x0000000000001418     0x11b8 ./Drivers/STM32F1xx_HAL_Driver/Src/stm32f1xx_hal_tim.o
 .debug_frame   0x00000000000025d0      0x638 ./Drivers/STM32F1xx_HAL_Driver/Src/stm32f1xx_hal_tim_ex.o
 .debug_frame   0x0000000000002c08      0x914 ./Drivers/STM32F1xx_HAL_Driver/Src/stm32f1xx_hal_uart.o
 .debug_frame   0x000000000000351c       0x20 c:/st/stm32cubeide_1.10.1/stm32cubeide/plugins/com.st.stm32cube.ide.mcu.externaltools.gnu-tools-for-stm32.10.3-2021.10.win32_1.0.0.202111181127/tools/bin/../lib/gcc/arm-none-eabi/10.3.1/../../../../arm-none-eabi/lib/thumb/v7-m/nofp\libc_nano.a(lib_a-errno.o)
 .debug_frame   0x000000000000353c       0x2c c:/st/stm32cubeide_1.10.1/stm32cubeide/plugins/com.st.stm32cube.ide.mcu.externaltools.gnu-tools-for-stm32.10.3-2021.10.win32_1.0.0.202111181127/tools/bin/../lib/gcc/arm-none-eabi/10.3.1/../../../../arm-none-eabi/lib/thumb/v7-m/nofp\libc_nano.a(lib_a-init.o)
 .debug_frame   0x0000000000003568       0x20 c:/st/stm32cubeide_1.10.1/stm32cubeide/plugins/com.st.stm32cube.ide.mcu.externaltools.gnu-tools-for-stm32.10.3-2021.10.win32_1.0.0.202111181127/tools/bin/../lib/gcc/arm-none-eabi/10.3.1/../../../../arm-none-eabi/lib/thumb/v7-m/nofp\libc_nano.a(lib_a-memset.o)
 .debug_frame   0x0000000000003588       0x6c c:/st/stm32cubeide_1.10.1/stm32cubeide/plugins/com.st.stm32cube.ide.mcu.externaltools.gnu-tools-for-stm32.10.3-2021.10.win32_1.0.0.202111181127/tools/bin/../lib/gcc/arm-none-eabi/10.3.1/../../../../arm-none-eabi/lib/thumb/v7-m/nofp\libc_nano.a(lib_a-sprintf.o)
 .debug_frame   0x00000000000035f4       0x90 c:/st/stm32cubeide_1.10.1/stm32cubeide/plugins/com.st.stm32cube.ide.mcu.externaltools.gnu-tools-for-stm32.10.3-2021.10.win32_1.0.0.202111181127/tools/bin/../lib/gcc/arm-none-eabi/10.3.1/../../../../arm-none-eabi/lib/thumb/v7-m/nofp\libc_nano.a(lib_a-nano-svfprintf.o)
 .debug_frame   0x0000000000003684       0x60 c:/st/stm32cubeide_1.10.1/stm32cubeide/plugins/com.st.stm32cube.ide.mcu.externaltools.gnu-tools-for-stm32.10.3-2021.10.win32_1.0.0.202111181127/tools/bin/../lib/gcc/arm-none-eabi/10.3.1/../../../../arm-none-eabi/lib/thumb/v7-m/nofp\libc_nano.a(lib_a-nano-vfprintf_i.o)
 .debug_frame   0x00000000000036e4       0x28 c:/st/stm32cubeide_1.10.1/stm32cubeide/plugins/com.st.stm32cube.ide.mcu.externaltools.gnu-tools-for-stm32.10.3-2021.10.win32_1.0.0.202111181127/tools/bin/../lib/gcc/arm-none-eabi/10.3.1/../../../../arm-none-eabi/lib/thumb/v7-m/nofp\libc_nano.a(lib_a-memchr-stub.o)
 .debug_frame   0x000000000000370c       0x28 c:/st/stm32cubeide_1.10.1/stm32cubeide/plugins/com.st.stm32cube.ide.mcu.externaltools.gnu-tools-for-stm32.10.3-2021.10.win32_1.0.0.202111181127/tools/bin/../lib/gcc/arm-none-eabi/10.3.1/../../../../arm-none-eabi/lib/thumb/v7-m/nofp\libc_nano.a(lib_a-memcpy-stub.o)
 .debug_frame   0x0000000000003734       0x28 c:/st/stm32cubeide_1.10.1/stm32cubeide/plugins/com.st.stm32cube.ide.mcu.externaltools.gnu-tools-for-stm32.10.3-2021.10.win32_1.0.0.202111181127/tools/bin/../lib/gcc/arm-none-eabi/10.3.1/../../../../arm-none-eabi/lib/thumb/v7-m/nofp\libc_nano.a(lib_a-memmove.o)
 .debug_frame   0x000000000000375c       0x38 c:/st/stm32cubeide_1.10.1/stm32cubeide/plugins/com.st.stm32cube.ide.mcu.externaltools.gnu-tools-for-stm32.10.3-2021.10.win32_1.0.0.202111181127/tools/bin/../lib/gcc/arm-none-eabi/10.3.1/../../../../arm-none-eabi/lib/thumb/v7-m/nofp\libc_nano.a(lib_a-nano-freer.o)
 .debug_frame   0x0000000000003794       0x4c c:/st/stm32cubeide_1.10.1/stm32cubeide/plugins/com.st.stm32cube.ide.mcu.externaltools.gnu-tools-for-stm32.10.3-2021.10.win32_1.0.0.202111181127/tools/bin/../lib/gcc/arm-none-eabi/10.3.1/../../../../arm-none-eabi/lib/thumb/v7-m/nofp\libc_nano.a(lib_a-nano-mallocr.o)
 .debug_frame   0x00000000000037e0       0x3c c:/st/stm32cubeide_1.10.1/stm32cubeide/plugins/com.st.stm32cube.ide.mcu.externaltools.gnu-tools-for-stm32.10.3-2021.10.win32_1.0.0.202111181127/tools/bin/../lib/gcc/arm-none-eabi/10.3.1/../../../../arm-none-eabi/lib/thumb/v7-m/nofp\libc_nano.a(lib_a-nano-reallocr.o)
 .debug_frame   0x000000000000381c       0x2c c:/st/stm32cubeide_1.10.1/stm32cubeide/plugins/com.st.stm32cube.ide.mcu.externaltools.gnu-tools-for-stm32.10.3-2021.10.win32_1.0.0.202111181127/tools/bin/../lib/gcc/arm-none-eabi/10.3.1/../../../../arm-none-eabi/lib/thumb/v7-m/nofp\libc_nano.a(lib_a-sbrkr.o)
 .debug_frame   0x0000000000003848       0x30 c:/st/stm32cubeide_1.10.1/stm32cubeide/plugins/com.st.stm32cube.ide.mcu.externaltools.gnu-tools-for-stm32.10.3-2021.10.win32_1.0.0.202111181127/tools/bin/../lib/gcc/arm-none-eabi/10.3.1/../../../../arm-none-eabi/lib/thumb/v7-m/nofp\libc_nano.a(lib_a-mlock.o)
 .debug_frame   0x0000000000003878       0x20 c:/st/stm32cubeide_1.10.1/stm32cubeide/plugins/com.st.stm32cube.ide.mcu.externaltools.gnu-tools-for-stm32.10.3-2021.10.win32_1.0.0.202111181127/tools/bin/../lib/gcc/arm-none-eabi/10.3.1/../../../../arm-none-eabi/lib/thumb/v7-m/nofp\libc_nano.a(lib_a-nano-msizer.o)
 .debug_frame   0x0000000000003898       0x5c c:/st/stm32cubeide_1.10.1/stm32cubeide/plugins/com.st.stm32cube.ide.mcu.externaltools.gnu-tools-for-stm32.10.3-2021.10.win32_1.0.0.202111181127/tools/bin/../lib/gcc/arm-none-eabi/10.3.1/../../../../arm-none-eabi/lib/thumb/v7-m/nofp\libc_nano.a(lib_a-reent.o)